******************************************************************************
                  TI ARM Linker PC v20.2.1                     
******************************************************************************
>> Linked Wed Dec  9 19:07:24 2020

OUTPUT FILE NAME:   <proyecto.out>
ENTRY POINT SYMBOL: "_c_int00_noargs"  address: 000078e9


MEMORY CONFIGURATION

         name            origin    length      used     unused   attr    fill
----------------------  --------  ---------  --------  --------  ----  --------
  FLASH                 00000000   00100000  00008b70  000f7490  R  X
  SRAM                  20000000   00040000  0000d8e8  00032718  RW X


SEGMENT ALLOCATION MAP

run origin  load origin   length   init length attrs members
----------  ----------- ---------- ----------- ----- -------
00000000    00000000    00008b70   00008b70    r-x
  00000000    00000000    00000200   00000200    r-- .intvecs
  00000200    00000200    00008408   00008408    r-x .text
  00008608    00008608    00000420   00000420    r-- .const
  00008a28    00008a28    00000148   00000148    r-- .cinit
20000000    20000000    0000d8ee   00000000    rw-
  20000000    20000000    0000cf82   00000000    rw- .bss
  2000cf88    2000cf88    00000800   00000000    rw- .stack
  2000d788    2000d788    00000166   00000000    rw- .data


SECTION ALLOCATION MAP

 output                                  attributes/
section   page    origin      length       input sections
--------  ----  ----------  ----------   ----------------
.intvecs   0    00000000    00000200     
                  00000000    00000200     startup_ccs.obj (.intvecs)

.text      0    00000200    00008408     
                  00000200    0000079c     lwiplib.obj (.text:tcp_receive)
                  0000099c    000003cc     lwiplib.obj (.text:tcp_input)
                  00000d68    000003b4     lwiplib.obj (.text:tcp_process)
                  0000111c    000002e4     lwiplib.obj (.text:tcp_write)
                  00001400    000002c8     lwiplib.obj (.text:tcp_slowtmr)
                  000016c8    0000026c     main_FSM.obj (.text:main)
                  00001934    00000251     ustdlib.obj (.text:uvsnprintf)
                  00001b85    00000001     --HOLE-- [fill = 0]
                  00001b86    00000002     startup_ccs.obj (.text:FaultISR)
                  00001b88    00000228     lwiplib.obj (.text:dhcp_parse_reply)
                  00001db0    0000020c     pinout.obj (.text:PinoutSet)
                  00001fbc    00000200     driverlib.lib : sysctl.obj (.text:SysCtlClockFreqSet)
                  000021bc    000001f0     lwiplib.obj (.text:ip_input)
                  000023ac    000001f0     lwiplib.obj (.text:udp_input)
                  0000259c    000001ee     uartstdio.obj (.text:UARTvprintf)
                  0000278a    00000002     startup_ccs.obj (.text:IntDefaultHandler)
                  0000278c    000001a4     lwiplib.obj (.text:icmp_input)
                  00002930    0000018c     lwiplib.obj (.text:tcp_output)
                  00002abc    0000016c     driverlib.lib : gpio.obj (.text:GPIOPadConfigSet)
                  00002c28    00000160     uartstdio.obj (.text:UARTStdioIntHandler)
                  00002d88    00000150     lwiplib.obj (.text:etharp_arp_input)
                  00002ed8    00000148     lwiplib.obj (.text:tcp_close_shutdown)
                  00003020    00000140     lwiplib.obj (.text:tivaif_receive)
                  00003160    0000013e     lwiplib.obj (.text:pbuf_alloc)
                  0000329e    00000002     startup_ccs.obj (.text:NmiSR)
                  000032a0    00000138     lwiplib.obj (.text:dns_recv)
                  000033d8    00000124     lwiplib.obj (.text:dhcp_create_msg)
                  000034fc    0000011c     lwiplib.obj (.text:etharp_output)
                  00003618    0000011c     eth_client_lwip.obj (.text:lwIPHostTimerHandler)
                  00003734    00000114     lwiplib.obj (.text:etharp_query)
                  00003848    00000114     lwiplib.obj (.text:tcp_listen_input)
                  0000395c    00000110     lwiplib.obj (.text:ipaddr_aton)
                  00003a6c    00000108     lwiplib.obj (.text:mem_malloc)
                  00003b74    00000104     lwiplib.obj (.text:mem_trim)
                  00003c78    00000100     lwiplib.obj (.text:tivaif_transmit)
                  00003d78    000000f8     lwiplib.obj (.text:tcp_connect)
                  00003e70    000000f4     lwiplib.obj (.text:lwIPPrivateNetworkConfigChange)
                  00003f64    000000ec     lwiplib.obj (.text:lwIPInit)
                  00004050    000000e8     lwiplib.obj (.text:ip_output_if)
                  00004138    000000e8     lwiplib.obj (.text:udp_sendto_if)
                  00004220    000000e0     lwiplib.obj (.text:etharp_find_entry)
                  00004300    000000dc     lwiplib.obj (.text:etharp_raw)
                  000043dc    000000d8     lwiplib.obj (.text:tcp_output_segment)
                  000044b4    000000d4     lwiplib.obj (.text:autoip_tmr)
                  00004588    000000d4     lwiplib.obj (.text:dhcp_select)
                  0000465c    000000d0     lwiplib.obj (.text:tcp_alloc)
                  0000472c    000000cc     lwiplib.obj (.text:dhcp_recv)
                  000047f8    000000cc     lwiplib.obj (.text:lwIPServiceTimers)
                  000048c4    000000c8     lwiplib.obj (.text:dhcp_bind)
                  0000498c    000000c4     lwiplib.obj (.text:InitDMADescriptors)
                  00004a50    000000c4     lwiplib.obj (.text:dhcp_discover)
                  00004b14    000000bc     lwiplib.obj (.text:tivaif_hwinit)
                  00004bd0    000000b8     lwiplib.obj (.text:dns_send)
                  00004c88    000000b8     lwiplib.obj (.text:tcp_create_segment)
                  00004d40    000000b0     uartstdio.obj (.text:UARTStdioConfig)
                  00004df0    000000ac     uartstdio.obj (.text:UARTwrite)
                  00004e9c    000000ac     lwiplib.obj (.text:dns_enqueue)
                  00004f48    000000ac     lwiplib.obj (.text:ethernet_input)
                  00004ff4    000000ac     lwiplib.obj (.text:tcp_enqueue_flags)
                  000050a0    000000ac     lwiplib.obj (.text:tcp_zero_window_probe)
                  0000514c    000000a8     lwiplib.obj (.text:dhcp_release)
                  000051f4    000000a8     lwiplib.obj (.text:dhcp_start)
                  0000529c    000000a4     lwiplib.obj (.text:dns_check_entry)
                  00005340    000000a0     lwiplib.obj (.text:dhcp_handle_ack)
                  000053e0    000000a0     lwiplib.obj (.text:inet_chksum_pseudo)
                  00005480    0000009c     rtsv7M4_T_le_v4SPD16_eabi.lib : memcpy_t2.asm.obj (.text)
                  0000551c    00000098     lwiplib.obj (.text:dhcp_reboot)
                  000055b4    00000092     lwiplib.obj (.text:pbuf_copy)
                  00005646    00000002     rtsv7M4_T_le_v4SPD16_eabi.lib : div0.asm.obj (.text)
                  00005648    00000090     lwiplib.obj (.text:tcp_abandon)
                  000056d8    00000090     lwiplib.obj (.text:tcp_rst)
                  00005768    0000008c     uartstdio.obj (.text:UARTPrimeTransmit)
                  000057f4    00000084     eth_client_lwip.obj (.text:EthClientInit)
                  00005878    00000084     lwiplib.obj (.text:lwIPLinkDetect)
                  000058fc    00000084     lwiplib.obj (.text:tcp_timewait_input)
                  00005980    00000080     lwiplib.obj (.text:dhcp_rebind)
                  00005a00    00000080     lwiplib.obj (.text:dhcp_renew)
                  00005a80    00000080     lwiplib.obj (.text:lwIPEthernetIntHandler)
                  00005b00    00000080     lwiplib.obj (.text:lwIPPrivateInit)
                  00005b80    0000007e     lwiplib.obj (.text:autoip_arp_reply)
                  00005bfe    0000007c     lwiplib.obj (.text:dhcp_timeout)
                  00005c7a    00000002     --HOLE-- [fill = 0]
                  00005c7c    0000007c     lwiplib.obj (.text:tcp_oos_insert_segment)
                  00005cf8    0000007c     lwiplib.obj (.text:tcp_parseopt)
                  00005d74    0000007c     lwiplib.obj (.text:tivaif_process_phy_interrupt)
                  00005df0    0000007a     rtsv7M4_T_le_v4SPD16_eabi.lib : memset_t2.asm.obj (.text)
                  00005e6a    00000002     --HOLE-- [fill = 0]
                  00005e6c    00000074     eth_client_lwip.obj (.text:TCPConnected)
                  00005ee0    00000074     lwiplib.obj (.text:etharp_update_arp_entry)
                  00005f54    00000074     lwiplib.obj (.text:raw_input)
                  00005fc8    00000070     eth_client_lwip.obj (.text:EthClientTCPConnect)
                  00006038    00000070     lwiplib.obj (.text:mem_free)
                  000060a8    00000070     lwiplib.obj (.text:tcp_fasttmr)
                  00006118    0000006c     lwiplib.obj (.text:icmp_send_response)
                  00006184    0000006c     lwiplib.obj (.text:memp_init)
                  000061f0    00000068     driverlib.lib : interrupt.obj (.text:IntEnable)
                  00006258    00000068     rtsv7M4_T_le_v4SPD16_eabi.lib : copy_decompress_lzss.c.obj (.text:decompress:lzss:__TI_decompress_lzss)
                  000062c0    00000068     lwiplib.obj (.text:dhcp_decline)
                  00006328    00000068     lwiplib.obj (.text:lwip_standard_chksum)
                  00006390    00000068     lwiplib.obj (.text:netif_set_ipaddr)
                  000063f8    00000068     lwiplib.obj (.text:sys_timeout)
                  00006460    00000068     lwiplib.obj (.text:tcp_output_alloc_header)
                  000064c8    00000068     lwiplib.obj (.text:tcp_process_refused_data)
                  00006530    00000068     lwiplib.obj (.text:udp_bind)
                  00006598    00000066     lwiplib.obj (.text:pbuf_copy_partial)
                  000065fe    00000002     --HOLE-- [fill = 0]
                  00006600    00000064     eth_client_lwip.obj (.text:EthClientSend)
                  00006664    00000064     lwiplib.obj (.text:dns_init)
                  000066c8    00000064     lwiplib.obj (.text:pbuf_header)
                  0000672c    00000060     main_FSM.obj (.text:UpdateMACAddr)
                  0000678c    00000060     lwiplib.obj (.text:memp_malloc)
                  000067ec    00000060     lwiplib.obj (.text:plug_holes)
                  0000684c    00000060     lwiplib.obj (.text:sys_timeouts_init)
                  000068ac    0000005c     lwiplib.obj (.text:dns_gethostbyname)
                  00006908    0000005c     lwiplib.obj (.text:tcp_keepalive)
                  00006964    0000005c     lwiplib.obj (.text:tcp_pcb_remove)
                  000069c0    0000005c     lwiplib.obj (.text:tcp_send_empty_ack)
                  00006a1c    0000005a     lwiplib.obj (.text:pbuf_realloc)
                  00006a76    00000002     --HOLE-- [fill = 0]
                  00006a78    00000058     driverlib.lib : emac.obj (.text:EMACPHYConfigSet)
                  00006ad0    00000058     lwiplib.obj (.text:autoip_create_addr)
                  00006b28    00000058     lwiplib.obj (.text:autoip_start)
                  00006b80    00000058     lwiplib.obj (.text:mem_init)
                  00006bd8    00000058     lwiplib.obj (.text:tcp_new_port)
                  00006c30    00000056     lwiplib.obj (.text:tcp_rexmit)
                  00006c86    00000002     --HOLE-- [fill = 0]
                  00006c88    00000054     eth_client_lwip.obj (.text:EthClientDNSResolve)
                  00006cdc    00000052     lwiplib.obj (.text:tcp_pbuf_prealloc)
                  00006d2e    00000052     lwiplib.obj (.text:tivaif_process_transmit)
                  00006d80    00000050     driverlib.lib : sysctl.obj (.text:SysCtlPeripheralReset)
                  00006dd0    00000050     main_FSM.obj (.text:UpdateIPAddress)
                  00006e20    00000050     lwiplib.obj (.text:netif_add)
                  00006e70    00000050     lwiplib.obj (.text:tcp_write_checks)
                  00006ec0    0000004e     lwiplib.obj (.text:autoip_start_probing)
                  00006f0e    0000004e     lwiplib.obj (.text:inet_chksum_pbuf)
                  00006f5c    0000004e     lwiplib.obj (.text:pbuf_free)
                  00006faa    00000002     --HOLE-- [fill = 0]
                  00006fac    0000004c     lwiplib.obj (.text:ip_route)
                  00006ff8    0000004c     lwiplib.obj (.text:tivaif_interrupt)
                  00007044    0000004c     lwiplib.obj (.text:udp_connect)
                  00007090    0000004c     lwiplib.obj (.text:udp_new_port)
                  000070dc    00000048     driverlib.lib : sysctl.obj (.text:_SysCtlFrequencyGet)
                  00007124    00000048     lwiplib.obj (.text:etharp_output_to_arp_index)
                  0000716c    00000048     lwiplib.obj (.text:ip_output)
                  000071b4    00000048     lwiplib.obj (.text:tcp_kill_prio)
                  000071fc    00000048     lwiplib.obj (.text:tcp_rexmit_fast)
                  00007244    00000048     lwiplib.obj (.text:tivaif_check_pbuf)
                  0000728c    00000046     lwiplib.obj (.text:tcp_send_fin)
                  000072d2    00000002     --HOLE-- [fill = 0]
                  000072d4    00000044     eth_client_lwip.obj (.text:EthClientDHCPConnect)
                  00007318    00000044     rtsv7M4_T_le_v4SPD16_eabi.lib : autoinit.c.obj (.text:__TI_auto_init_nobinit_nopinit:__TI_auto_init_nobinit_nopinit)
                  0000735c    00000042     lwiplib.obj (.text:dhcp_network_changed)
                  0000739e    00000042     lwiplib.obj (.text:dhcp_option_long)
                  000073e0    00000042     lwiplib.obj (.text:tcp_pcb_purge)
                  00007422    00000002     --HOLE-- [fill = 0]
                  00007424    00000040     eth_client_lwip.obj (.text:TCPReceived)
                  00007464    00000040     lwiplib.obj (.text:etharp_tmr)
                  000074a4    00000040     rtsv7M4_T_le_v4SPD16_eabi.lib : u_divt2.asm.obj (.text)
                  000074e4    0000003e     lwiplib.obj (.text:netif_set_link_up)
                  00007522    00000002     --HOLE-- [fill = 0]
                  00007524    0000003c     uartstdio.obj (.text:UARTFlushTx)
                  00007560    0000003c     lwiplib.obj (.text:dhcp_coarse_tmr)
                  0000759c    0000003c     lwiplib.obj (.text:dns_compare_name)
                  000075d8    0000003c     lwiplib.obj (.text:memp_free)
                  00007614    0000003a     driverlib.lib : emac.obj (.text:EMACIntEnable)
                  0000764e    00000002     --HOLE-- [fill = 0]
                  00007650    00000038     eth_client_lwip.obj (.text:DNSServerFound)
                  00007688    00000038     driverlib.lib : emac.obj (.text:EMACConfigSet)
                  000076c0    00000038     main_FSM.obj (.text:EnetEvents)
                  000076f8    00000038     driverlib.lib : sysctl.obj (.text:SysCtlPeripheralReady)
                  00007730    00000038     lwiplib.obj (.text:dhcp_fine_tmr)
                  00007768    00000038     lwiplib.obj (.text:dhcp_handle_nak)
                  000077a0    00000038     lwiplib.obj (.text:dhcp_stop)
                  000077d8    00000038     lwiplib.obj (.text:dns_lookup)
                  00007810    00000038     lwiplib.obj (.text:tcpip_tcp_timer)
                  00007848    00000038     lwiplib.obj (.text:udp_sendto)
                  00007880    00000034     driverlib.lib : emac.obj (.text:EMACConfigGet)
                  000078b4    00000034                   : emac.obj (.text:EMACIntClear)
                  000078e8    00000034     rtsv7M4_T_le_v4SPD16_eabi.lib : boot_cortex_m.c.obj (.text:_c_int00_noargs:_c_int00_noargs)
                  0000791c    00000034     lwiplib.obj (.text:autoip_arp_probe)
                  00007950    00000034     lwiplib.obj (.text:tcp_kill_timewait)
                  00007984    00000034     lwiplib.obj (.text:tcp_timer_needed)
                  000079b8    00000034     lwiplib.obj (.text:tivaif_init)
                  000079ec    00000032     lwiplib.obj (.text:ip4_addr_isbroadcast)
                  00007a1e    00000032     lwiplib.obj (.text:tcp_recved)
                  00007a50    00000030     eth_client_lwip.obj (.text:ResetConnection)
                  00007a80    00000030     lwiplib.obj (.text:dhcp_option_trailer)
                  00007ab0    00000030     lwiplib.obj (.text:tcp_update_rcv_ann_wnd)
                  00007ae0    00000030     lwiplib.obj (.text:udp_remove)
                  00007b10    0000002e     lwiplib.obj (.text:tcp_rexmit_rto)
                  00007b3e    00000002     --HOLE-- [fill = 0]
                  00007b40    0000002d     main_FSM.obj (.text:PrintIPAddress)
                  00007b6d    00000001     --HOLE-- [fill = 0]
                  00007b6e    0000002c     driverlib.lib : emac.obj (.text:EMACIntStatus)
                  00007b9a    0000002c                   : gpio.obj (.text:GPIODirModeSet)
                  00007bc6    00000002     --HOLE-- [fill = 0]
                  00007bc8    0000002c     uartstdio.obj (.text:UARTFlushRx)
                  00007bf4    0000002c     lwiplib.obj (.text:autoip_arp_announce)
                  00007c20    0000002c     lwiplib.obj (.text:dhcp_handle_offer)
                  00007c4c    0000002c     lwiplib.obj (.text:etharp_request)
                  00007c78    0000002a     lwiplib.obj (.text:autoip_bind)
                  00007ca2    0000002a     lwiplib.obj (.text:pbuf_cat)
                  00007ccc    0000002a     ustdlib.obj (.text:ustrncpy)
                  00007cf6    00000002     --HOLE-- [fill = 0]
                  00007cf8    00000028     main_FSM.obj (.text:SysTickIntHandler)
                  00007d20    00000028     lwiplib.obj (.text:etharp_cleanup_netif)
                  00007d48    00000026     driverlib.lib : emac.obj (.text:EMACPHYRead)
                  00007d6e    00000026                   : emac.obj (.text:EMACPHYWrite)
                  00007d94    00000026     lwiplib.obj (.text:dhcp_check)
                  00007dba    00000026     lwiplib.obj (.text:tcp_recv_null)
                  00007de0    00000024     eth_client_lwip.obj (.text:EthClientTCPDisconnect)
                  00007e04    00000024     driverlib.lib : interrupt.obj (.text:IntPrioritySet)
                  00007e28    00000024     lwiplib.obj (.text:dns_parse_name)
                  00007e4c    00000024     lwiplib.obj (.text:dns_setserver)
                  00007e70    00000024     lwiplib.obj (.text:etharp_free_entry)
                  00007e94    00000024     lwiplib.obj (.text:lwIPNetworkConfigChange)
                  00007eb8    00000024     rtsv7M4_T_le_v4SPD16_eabi.lib : memcmp.c.obj (.text:memcmp)
                  00007edc    00000024     lwiplib.obj (.text:netif_set_up)
                  00007f00    00000024     lwiplib.obj (.text:tcp_seg_copy)
                  00007f24    00000022     lwiplib.obj (.text:dhcp_option_short)
                  00007f46    00000002     --HOLE-- [fill = 0]
                  00007f48    00000020     eth_client_lwip.obj (.text:EthClientTick)
                  00007f68    00000020     driverlib.lib : interrupt.obj (.text:IntPriorityGroupingSet)
                  00007f88    00000020                   : sysctl.obj (.text:_SysCtlMemTimingGet)
                  00007fa8    00000020     lwiplib.obj (.text:autoip_handle_arp_conflict)
                  00007fc8    00000020     lwiplib.obj (.text:dhcp_option)
                  00007fe8    00000020     lwiplib.obj (.text:etharp_send_ip)
                  00008008    00000020     lwiplib.obj (.text:lwIPTimer)
                  00008028    00000020     lwiplib.obj (.text:tcp_eff_send_mss)
                  00008048    00000020     lwiplib.obj (.text:tcp_tmr)
                  00008068    00000020     ustdlib.obj (.text:usprintf)
                  00008088    0000001e     driverlib.lib : emac.obj (.text:EMACAddrGet)
                  000080a6    0000001e     lwiplib.obj (.text:netif_set_down)
                  000080c4    0000001c     eth_client_lwip.obj (.text:EthClientMACAddrGet)
                  000080e0    0000001c     lwiplib.obj (.text:lwIPLocalIPAddrGet)
                  000080fc    0000001c     lwiplib.obj (.text:netif_set_addr)
                  00008118    0000001c     lwiplib.obj (.text:udp_new)
                  00008134    0000001a     uartstdio.obj (.text:UARTprintf)
                  0000814e    0000001a     lwiplib.obj (.text:autoip_network_changed)
                  00008168    0000001a     lwiplib.obj (.text:dhcp_arp_reply)
                  00008182    0000001a     lwiplib.obj (.text:lwip_htonl)
                  0000819c    00000018     uartstdio.obj (.text:IsBufferFull)
                  000081b4    00000018     eth_client_lwip.obj (.text:TCPError)
                  000081cc    00000018     eth_client_lwip.obj (.text:TCPSent)
                  000081e4    00000018     lwiplib.obj (.text:arp_timer)
                  000081fc    00000018     lwiplib.obj (.text:autoip_timer)
                  00008214    00000018     lwiplib.obj (.text:dhcp_timer_coarse)
                  0000822c    00000018     lwiplib.obj (.text:dhcp_timer_fine)
                  00008244    00000018     lwiplib.obj (.text:dns_timer)
                  0000825c    00000018     lwiplib.obj (.text:pbuf_pool_is_empty)
                  00008274    00000018     rtsv7M4_T_le_v4SPD16_eabi.lib : strcmp.c.obj (.text:strcmp)
                  0000828c    00000018     lwiplib.obj (.text:tcp_next_iss)
                  000082a4    00000018     lwiplib.obj (.text:tcp_seg_free)
                  000082bc    00000016     driverlib.lib : emac.obj (.text:EMACReset)
                  000082d2    00000016                   : emac.obj (.text:EMACRxEnable)
                  000082e8    00000016                   : emac.obj (.text:EMACTxEnable)
                  000082fe    00000016                   : gpio.obj (.text:GPIOPinTypeEthernetLED)
                  00008314    00000016     lwiplib.obj (.text:dhcp_delete_msg)
                  0000832a    00000016     lwiplib.obj (.text:dhcp_t1_timeout)
                  00008340    00000016     lwiplib.obj (.text:dhcp_t2_timeout)
                  00008356    00000016     lwiplib.obj (.text:pbuf_ref)
                  0000836c    00000014     driverlib.lib : flash.obj (.text:FlashUserGet)
                  00008380    00000014                   : systick.obj (.text:SysTickEnable)
                  00008394    00000014                   : systick.obj (.text:SysTickIntEnable)
                  000083a8    00000014     lwiplib.obj (.text:ipaddr_addr)
                  000083bc    00000014     lwiplib.obj (.text:lwip_init)
                  000083d0    00000014     rtsv7M4_T_le_v4SPD16_eabi.lib : strlen.c.obj (.text:strlen)
                  000083e4    00000014     lwiplib.obj (.text:sys_arch_unprotect)
                  000083f8    00000014     lwiplib.obj (.text:tcp_close)
                  0000840c    00000012     lwiplib.obj (.text:dhcp_option_byte)
                  0000841e    00000012     lwiplib.obj (.text:dns_check_entries)
                  00008430    00000012     lwiplib.obj (.text:netif_set_link_down)
                  00008442    00000012     lwiplib.obj (.text:pbuf_clen)
                  00008454    00000010     driverlib.lib : emac.obj (.text:EMACFrameFilterSet)
                  00008464    00000010     eth_client_lwip.obj (.text:EthClientHostSet)
                  00008474    00000010     eth_client_lwip.obj (.text:EthClientProxySet)
                  00008484    00000010     driverlib.lib : interrupt.obj (.text:IntMasterEnable)
                  00008494    00000010                   : systick.obj (.text:SysTickPeriodSet)
                  000084a4    00000010     lwiplib.obj (.text:autoip_stop)
                  000084b4    00000010     lwiplib.obj (.text:dhcp_set_state)
                  000084c4    00000010     lwiplib.obj (.text:dns_tmr)
                  000084d4    00000010     lwiplib.obj (.text:inet_chksum)
                  000084e4    00000010     lwiplib.obj (.text:pbuf_chain)
                  000084f4    00000010     lwiplib.obj (.text:sys_arch_protect)
                  00008504    00000010     lwiplib.obj (.text:tcp_segs_free)
                  00008514    0000000e     uartstdio.obj (.text:IsBufferEmpty)
                  00008522    0000000e     rtsv7M4_T_le_v4SPD16_eabi.lib : copy_decompress_none.c.obj (.text:decompress:none:__TI_decompress_none)
                  00008530    0000000c     driverlib.lib : cpu.obj (.text:CPUcpsie)
                  0000853c    0000000c     eth_client_lwip.obj (.text:EthClientServerAddrGet)
                  00008548    0000000c     driverlib.lib : sysctl.obj (.text:SysCtlMOSCConfigSet)
                  00008554    0000000c     lwiplib.obj (.text:autoip_restart)
                  00008560    0000000c     rtsv7M4_T_le_v4SPD16_eabi.lib : copy_zero_init.c.obj (.text:decompress:ZI:__TI_zero_init)
                  0000856c    0000000c     lwiplib.obj (.text:lwip_htons)
                  00008578    0000000c     lwiplib.obj (.text:netif_set_default)
                  00008584    0000000c     lwiplib.obj (.text:netif_set_gw)
                  00008590    0000000c     lwiplib.obj (.text:netif_set_netmask)
                  0000859c    0000000c     lwiplib.obj (.text:sys_now)
                  000085a8    00000008     driverlib.lib : emac.obj (.text:EMACPowerManagementStatusGet)
                  000085b0    00000008                   : emac.obj (.text:EMACTxDMAPollDemand)
                  000085b8    00000008     lwiplib.obj (.text:icmp_dest_unreach)
                  000085c0    00000006     driverlib.lib : emac.obj (.text:EMACRxDMADescriptorListSet)
                  000085c6    00000006                   : emac.obj (.text:EMACTimestampIntStatus)
                  000085cc    00000006                   : emac.obj (.text:EMACTxDMADescriptorListSet)
                  000085d2    00000006     startup_ccs.obj (.text:ResetISR)
                  000085d8    00000006     driverlib.lib : sysctl.obj (.text:SysCtlDelay)
                  000085de    00000006     lwiplib.obj (.text:tcp_abort)
                  000085e4    00000006     lwiplib.obj (.text:tcp_err)
                  000085ea    00000006     lwiplib.obj (.text:tcp_new)
                  000085f0    00000006     lwiplib.obj (.text:tcp_recv)
                  000085f6    00000006     lwiplib.obj (.text:udp_recv)
                  000085fc    00000004     rtsv7M4_T_le_v4SPD16_eabi.lib : pre_init.c.obj (.text:_system_pre_init)
                  00008600    00000004                                   : exit.c.obj (.text:abort:abort)
                  00008604    00000004     lwiplib.obj (.text:tcp_sent)

.const     0    00008608    00000420     
                  00008608    000001b0     driverlib.lib : sysctl.obj (.const:g_pppui32XTALtoVCO)
                  000087b8    0000009c                   : interrupt.obj (.const:g_pui32Regs)
                  00008854    0000007c     main_FSM.obj (.const:.string)
                  000088d0    0000006c     driverlib.lib : sysctl.obj (.const:g_pui32Xtals)
                  0000893c    00000030                   : sysctl.obj (.const:g_sXTALtoMEMTIM)
                  0000896c    00000020                   : interrupt.obj (.const:g_pui32Priority)
                  0000898c    00000014                   : interrupt.obj (.const:g_pui32EnRegs)
                  000089a0    00000010     lwiplib.obj (.const:memp_num)
                  000089b0    00000010     lwiplib.obj (.const:memp_sizes)
                  000089c0    00000010     lwiplib.obj (.const:tcp_pcb_lists)
                  000089d0    0000000d     lwiplib.obj (.const:.string:tcp_backoff)
                  000089dd    00000003     --HOLE-- [fill = 0]
                  000089e0    0000000c     uartstdio.obj (.const:g_ui32UARTBase)
                  000089ec    0000000c     uartstdio.obj (.const:g_ui32UARTInt)
                  000089f8    0000000c     uartstdio.obj (.const:g_ui32UARTPeriph)
                  00008a04    00000008     driverlib.lib : sysctl.obj (.const:g_pui32VCOFrequencies)
                  00008a0c    00000007     lwiplib.obj (.const:.string:tcp_persist_backoff)
                  00008a13    00000006     lwiplib.obj (.const:ethbroadcast)
                  00008a19    00000006     lwiplib.obj (.const:ethzero)
                  00008a1f    00000001     --HOLE-- [fill = 0]
                  00008a20    00000004     lwiplib.obj (.const:ip_addr_any)
                  00008a24    00000004     lwiplib.obj (.const:ip_addr_broadcast)

.cinit     0    00008a28    00000148     
                  00008a28    00000120     (.cinit..data.load) [load image, compression = lzss]
                  00008b48    0000000c     (__TI_handler_table)
                  00008b54    00000004     --HOLE-- [fill = 0]
                  00008b58    00000008     (.cinit..bss.load) [load image, compression = zero_init]
                  00008b60    00000010     (__TI_cinit_table)

.init_array 
*          0    00000000    00000000     UNINITIALIZED

.bss       0    20000000    0000cf82     UNINITIALIZED
                  20000000    00008014     (.common:ram_heap)
                  20008014    00002eb4     lwiplib.obj (.bss:memp_memory)
                  2000aec8    00001000     (.common:g_pui8SendBuff)
                  2000bec8    00000460     lwiplib.obj (.bss:dns_table)
                  2000c328    00000400     uartstdio.obj (.bss:g_pcUARTTxBuffer)
                  2000c728    00000204     lwiplib.obj (.bss:dns_payload_buffer)
                  2000c92c    00000120     (.common:g_pRxDescriptors)
                  2000ca4c    00000120     (.common:g_pTxDescriptors)
                  2000cb6c    000000ea     (.common:lwip_stats)
                  2000cc56    00000002     (.common:actualizarUART)
                  2000cc58    000000c8     lwiplib.obj (.bss:arp_table)
                  2000cd20    00000080     uartstdio.obj (.bss:g_pcUARTRxBuffer)
                  2000cda0    0000005c     lwiplib.obj (.bss)
                  2000cdfc    00000038     lwiplib.obj (.bss:g_sNetIF)
                  2000ce34    00000038     (.common:g_sEnet)
                  2000ce6c    00000028     (.common:dhcp_rx_options_val)
                  2000ce94    00000028     (.common:g_pcMACAddr)
                  2000cebc    00000020     lwiplib.obj (.bss:memp_tab)
                  2000cedc    00000014     (.common:g_pcIPAddr)
                  2000cef0    00000010     lwiplib.obj (.bss:inseg)
                  2000cf00    0000000c     (.common:dhcp_rx_options_given)
                  2000cf0c    00000008     lwiplib.obj (.bss:dns_servers)
                  2000cf14    00000008     uartstdio.obj (.bss)
                  2000cf1c    00000004     (.common:DNSResuleto)
                  2000cf20    00000004     (.common:conexionTelegram)
                  2000cf24    00000004     (.common:current_header)
                  2000cf28    00000004     (.common:current_iphdr_dest)
                  2000cf2c    00000004     (.common:current_iphdr_src)
                  2000cf30    00000004     (.common:current_netif)
                  2000cf34    00000004     (.common:debug)
                  2000cf38    00000004     (.common:g_pfnTimerHandler)
                  2000cf3c    00000004     (.common:g_ui32AbnormalInts)
                  2000cf40    00000004     (.common:g_ui32Delay)
                  2000cf44    00000004     (.common:g_ui32IPaddr)
                  2000cf48    00000004     (.common:g_ui32NormalInts)
                  2000cf4c    00000004     (.common:g_ui32SysClock)
                  2000cf50    00000004     (.common:netif_default)
                  2000cf54    00000004     (.common:netif_list)
                  2000cf58    00000004     (.common:resEnvio)
                  2000cf5c    00000004     (.common:tcp_active_pcbs)
                  2000cf60    00000004     (.common:tcp_bound_pcbs)
                  2000cf64    00000004     (.common:tcp_input_pcb)
                  2000cf68    00000004     (.common:tcp_listen_pcbs)
                  2000cf6c    00000004     (.common:tcp_ticks)
                  2000cf70    00000004     (.common:tcp_tmp_pcb)
                  2000cf74    00000004     (.common:tcp_tw_pcbs)
                  2000cf78    00000004     (.common:telegramIP)
                  2000cf7c    00000004     (.common:udp_pcbs)
                  2000cf80    00000001     (.common:pbuf_free_ooseq_pending)
                  2000cf81    00000001     (.common:tcp_active_pcbs_changed)

.data      0    2000d788    00000166     UNINITIALIZED
                  2000d788    000000be     main_FSM.obj (.data:g_exampleRequest)
                  2000d846    00000002     --HOLE--
                  2000d848    0000003c     lwiplib.obj (.data)
                  2000d884    0000001c     main_FSM.obj (.data:stateName)
                  2000d8a0    00000015     uartstdio.obj (.data)
                  2000d8b5    00000003     --HOLE--
                  2000d8b8    00000010     lwiplib.obj (.data:g_RxDescList)
                  2000d8c8    00000010     lwiplib.obj (.data:g_TxDescList)
                  2000d8d8    0000000c     lwiplib.obj (.data:g_StellarisIFData)
                  2000d8e4    0000000a     main_FSM.obj (.data)

.stack     0    2000cf88    00000800     UNINITIALIZED
                  2000cf88    00000004     rtsv7M4_T_le_v4SPD16_eabi.lib : boot_cortex_m.c.obj (.stack)
                  2000cf8c    000007fc     --HOLE--

__llvm_prf_cnts 
*          0    20000000    00000000     UNINITIALIZED

.binit     0    00000000    00000000     

MODULE SUMMARY

       Module                       code    ro data   rw data
       ------                       ----    -------   -------
    .\
       eth_client_lwip.obj          1252    0         4156   
       main_FSM.obj                 937     124       318    
       startup_ccs.obj              12      512       0      
    +--+----------------------------+-------+---------+---------+
       Total:                       2201    636       4474   
                                                             
    .\drivers\
       pinout.obj                   524     0         0      
    +--+----------------------------+-------+---------+---------+
       Total:                       524     0         0      
                                                             
    .\utils\
       lwiplib.obj                  26146   88        47820  
       uartstdio.obj                1502    36        1181   
       ustdlib.obj                  667     0         0      
    +--+----------------------------+-------+---------+---------+
       Total:                       28315   124       49001  
                                                             
    C:/ti/fir/driverlib/ccs/Debug/driverlib.lib
       sysctl.obj                   770     596       0      
       emac.obj                     572     0         0      
       gpio.obj                     430     0         0      
       interrupt.obj                188     208       0      
       systick.obj                  56      0         0      
       flash.obj                    20      0         0      
       cpu.obj                      12      0         0      
    +--+----------------------------+-------+---------+---------+
       Total:                       2048    804       0      
                                                             
    C:\ti\ccs1011\ccs\tools\compiler\ti-cgt-arm_20.2.1.LTS\lib\rtsv7M4_T_le_v4SPD16_eabi.lib
       memcpy_t2.asm.obj            156     0         0      
       memset_t2.asm.obj            122     0         0      
       copy_decompress_lzss.c.obj   104     0         0      
       autoinit.c.obj               68      0         0      
       u_divt2.asm.obj              64      0         0      
       boot_cortex_m.c.obj          52      0         0      
       memcmp.c.obj                 36      0         0      
       strcmp.c.obj                 24      0         0      
       strlen.c.obj                 20      0         0      
       copy_decompress_none.c.obj   14      0         0      
       copy_zero_init.c.obj         12      0         0      
       exit.c.obj                   4       0         0      
       pre_init.c.obj               4       0         0      
       div0.asm.obj                 2       0         0      
    +--+----------------------------+-------+---------+---------+
       Total:                       682     0         0      
                                                             
       Stack:                       0       0         2048   
       Linker Generated:            0       324       0      
    +--+----------------------------+-------+---------+---------+
       Grand Total:                 33770   1888      55523  


LINKER GENERATED COPY TABLES

__TI_cinit_table @ 00008b60 records: 2, size/record: 8, table size: 16
	.data: load addr=00008a28, load size=00000120 bytes, run addr=2000d788, run size=00000166 bytes, compression=lzss
	.bss: load addr=00008b58, load size=00000008 bytes, run addr=20000000, run size=0000cf82 bytes, compression=zero_init


LINKER GENERATED HANDLER TABLE

__TI_handler_table @ 00008b48 records: 3, size/record: 4, table size: 12
	index: 0, handler: __TI_decompress_lzss
	index: 1, handler: __TI_decompress_none
	index: 2, handler: __TI_zero_init


GLOBAL SYMBOLS: SORTED ALPHABETICALLY BY Name 

address   name                          
-------   ----                          
00008601  C$$EXIT                       
00008531  CPUcpsie                      
2000cf1c  DNSResuleto                   
00008089  EMACAddrGet                   
00007881  EMACConfigGet                 
00007689  EMACConfigSet                 
00008455  EMACFrameFilterSet            
000078b5  EMACIntClear                  
00007615  EMACIntEnable                 
00007b6f  EMACIntStatus                 
00006a79  EMACPHYConfigSet              
00007d49  EMACPHYRead                   
00007d6f  EMACPHYWrite                  
000085a9  EMACPowerManagementStatusGet  
000082bd  EMACReset                     
000085c1  EMACRxDMADescriptorListSet    
000082d3  EMACRxEnable                  
000085c7  EMACTimestampIntStatus        
000085cd  EMACTxDMADescriptorListSet    
000085b1  EMACTxDMAPollDemand           
000082e9  EMACTxEnable                  
000076c1  EnetEvents                    
000080e1  EthClientAddrGet              
000072d5  EthClientDHCPConnect          
00006c89  EthClientDNSResolve           
00008465  EthClientHostSet              
000057f5  EthClientInit                 
000080c5  EthClientMACAddrGet           
00008475  EthClientProxySet             
00006601  EthClientSend                 
0000853d  EthClientServerAddrGet        
00005fc9  EthClientTCPConnect           
00007de1  EthClientTCPDisconnect        
00007f49  EthClientTick                 
0000836d  FlashUserGet                  
00007b9b  GPIODirModeSet                
00002abd  GPIOPadConfigSet              
000082ff  GPIOPinTypeEthernetLED        
0000498d  InitDMADescriptors            
000061f1  IntEnable                     
00008485  IntMasterEnable               
00007f69  IntPriorityGroupingSet        
00007e05  IntPrioritySet                
00001db1  PinoutSet                     
00007b41  PrintIPAddress                
000085d3  ResetISR                      
00001fbd  SysCtlClockFreqSet            
000085d9  SysCtlDelay                   
00008549  SysCtlMOSCConfigSet           
000076f9  SysCtlPeripheralReady         
00006d81  SysCtlPeripheralReset         
00008381  SysTickEnable                 
00008395  SysTickIntEnable              
00007cf9  SysTickIntHandler             
00008495  SysTickPeriodSet              
00005e6d  TCPConnected                  
000081b5  TCPError                      
00007425  TCPReceived                   
000081cd  TCPSent                       
00007bc9  UARTFlushRx                   
00007525  UARTFlushTx                   
00004d41  UARTStdioConfig               
00002c29  UARTStdioIntHandler           
00008135  UARTprintf                    
0000259d  UARTvprintf                   
00004df1  UARTwrite                     
00006dd1  UpdateIPAddress               
0000672d  UpdateMACAddr                 
2000d788  __STACK_END                   
00000800  __STACK_SIZE                  
2000d788  __STACK_TOP                   
00008b60  __TI_CINIT_Base               
00008b70  __TI_CINIT_Limit              
00008b48  __TI_Handler_Table_Base       
00008b54  __TI_Handler_Table_Limit      
00007319  __TI_auto_init_nobinit_nopinit
00006259  __TI_decompress_lzss          
00008523  __TI_decompress_none          
ffffffff  __TI_pprof_out_hndl           
ffffffff  __TI_prof_data_size           
ffffffff  __TI_prof_data_start          
00000000  __TI_static_base__            
00008561  __TI_zero_init                
00005647  __aeabi_idiv0                 
00005647  __aeabi_ldiv0                 
00005df1  __aeabi_memclr                
00005df1  __aeabi_memclr4               
00005df1  __aeabi_memclr8               
00005481  __aeabi_memcpy                
00005481  __aeabi_memcpy4               
00005481  __aeabi_memcpy8               
00005df3  __aeabi_memset                
00005df3  __aeabi_memset4               
00005df3  __aeabi_memset8               
000074a5  __aeabi_uidiv                 
000074a5  __aeabi_uidivmod              
ffffffff  __binit__                     
ffffffff  __c_args__                    
UNDEFED   __mpu_init                    
2000cf88  __stack                       
20000000  __start___llvm_prf_cnts       
20000000  __stop___llvm_prf_cnts        
000078e9  _c_int00_noargs               
UNDEFED   _system_post_cinit            
000085fd  _system_pre_init              
00008601  abort                         
2000cc56  actualizarUART                
00005b81  autoip_arp_reply              
0000814f  autoip_network_changed        
00006b29  autoip_start                  
000084a5  autoip_stop                   
000044b5  autoip_tmr                    
ffffffff  binit                         
2000cf20  conexionTelegram              
2000cf24  current_header                
2000cf28  current_iphdr_dest            
2000cf2c  current_iphdr_src             
2000cf30  current_netif                 
2000cf34  debug                         
00008169  dhcp_arp_reply                
00007561  dhcp_coarse_tmr               
00007731  dhcp_fine_tmr                 
0000735d  dhcp_network_changed          
0000514d  dhcp_release                  
00005a01  dhcp_renew                    
2000cf00  dhcp_rx_options_given         
2000ce6c  dhcp_rx_options_val           
000051f5  dhcp_start                    
000077a1  dhcp_stop                     
000068ad  dns_gethostbyname             
00006665  dns_init                      
00007e4d  dns_setserver                 
000084c5  dns_tmr                       
00007d21  etharp_cleanup_netif          
000034fd  etharp_output                 
00003735  etharp_query                  
00004301  etharp_raw                    
00007c4d  etharp_request                
00007465  etharp_tmr                    
00008a13  ethbroadcast                  
00004f49  ethernet_input                
00008a19  ethzero                       
2000d8b8  g_RxDescList                  
2000d8c8  g_TxDescList                  
2000d788  g_exampleRequest              
2000d8e4  g_iState                      
2000c92c  g_pRxDescriptors              
2000ca4c  g_pTxDescriptors              
2000cedc  g_pcIPAddr                    
2000ce94  g_pcMACAddr                   
2000cf38  g_pfnTimerHandler             
00000000  g_pfnVectors                  
2000aec8  g_pui8SendBuff                
2000ce34  g_sEnet                       
2000cf3c  g_ui32AbnormalInts            
2000cf40  g_ui32Delay                   
2000cf44  g_ui32IPaddr                  
2000d84c  g_ui32LocalTimer              
2000cf48  g_ui32NormalInts              
2000cf4c  g_ui32SysClock                
000085b9  icmp_dest_unreach             
0000278d  icmp_input                    
000084d5  inet_chksum                   
00006f0f  inet_chksum_pbuf              
000053e1  inet_chksum_pseudo            
000079ed  ip4_addr_isbroadcast          
00008a20  ip_addr_any                   
00008a24  ip_addr_broadcast             
000021bd  ip_input                      
0000716d  ip_output                     
00004051  ip_output_if                  
00006fad  ip_route                      
000083a9  ipaddr_addr                   
0000395d  ipaddr_aton                   
00005a81  lwIPEthernetIntHandler        
00003619  lwIPHostTimerHandler          
00003f65  lwIPInit                      
000080e1  lwIPLocalIPAddrGet            
00007e95  lwIPNetworkConfigChange       
00008009  lwIPTimer                     
00008183  lwip_htonl                    
0000856d  lwip_htons                    
000083bd  lwip_init                     
00008183  lwip_ntohl                    
0000856d  lwip_ntohs                    
2000cb6c  lwip_stats                    
000016c9  main                          
00006039  mem_free                      
00006b81  mem_init                      
00003a6d  mem_malloc                    
00003b75  mem_trim                      
00007eb9  memcmp                        
00005481  memcpy                        
000075d9  memp_free                     
00006185  memp_init                     
0000678d  memp_malloc                   
00005df9  memset                        
00006e21  netif_add                     
2000cf50  netif_default                 
2000cf54  netif_list                    
000080fd  netif_set_addr                
00008579  netif_set_default             
000080a7  netif_set_down                
00008585  netif_set_gw                  
00006391  netif_set_ipaddr              
00008431  netif_set_link_down           
000074e5  netif_set_link_up             
00008591  netif_set_netmask             
00007edd  netif_set_up                  
2000d8e8  nombreDominio                 
00003161  pbuf_alloc                    
00007ca3  pbuf_cat                      
000084e5  pbuf_chain                    
00008443  pbuf_clen                     
000055b5  pbuf_copy                     
00006599  pbuf_copy_partial             
00006f5d  pbuf_free                     
2000cf80  pbuf_free_ooseq_pending       
000066c9  pbuf_header                   
00006a1d  pbuf_realloc                  
00008357  pbuf_ref                      
2000d8ec  puertoConexion                
20000000  ram_heap                      
00005f55  raw_input                     
2000cf58  resEnvio                      
2000d884  stateName                     
00008275  strcmp                        
000083d1  strlen                        
000084f5  sys_arch_protect              
000083e5  sys_arch_unprotect            
0000859d  sys_now                       
000063f9  sys_timeout                   
0000684d  sys_timeouts_init             
00005649  tcp_abandon                   
000085df  tcp_abort                     
2000cf5c  tcp_active_pcbs               
2000cf81  tcp_active_pcbs_changed       
0000465d  tcp_alloc                     
000089d0  tcp_backoff                   
2000cf60  tcp_bound_pcbs                
000083f9  tcp_close                     
00003d79  tcp_connect                   
00008029  tcp_eff_send_mss              
00004ff5  tcp_enqueue_flags             
000085e5  tcp_err                       
000060a9  tcp_fasttmr                   
0000099d  tcp_input                     
2000cf64  tcp_input_pcb                 
00006909  tcp_keepalive                 
2000cf68  tcp_listen_pcbs               
000085eb  tcp_new                       
0000828d  tcp_next_iss                  
00002931  tcp_output                    
000089c0  tcp_pcb_lists                 
000073e1  tcp_pcb_purge                 
00006965  tcp_pcb_remove                
00008a0c  tcp_persist_backoff           
000064c9  tcp_process_refused_data      
000085f1  tcp_recv                      
00007dbb  tcp_recv_null                 
00007a1f  tcp_recved                    
00006c31  tcp_rexmit                    
000071fd  tcp_rexmit_fast               
00007b11  tcp_rexmit_rto                
000056d9  tcp_rst                       
00007f01  tcp_seg_copy                  
000082a5  tcp_seg_free                  
00008505  tcp_segs_free                 
000069c1  tcp_send_empty_ack            
0000728d  tcp_send_fin                  
00008605  tcp_sent                      
00001401  tcp_slowtmr                   
2000cf6c  tcp_ticks                     
00007985  tcp_timer_needed              
2000cf70  tcp_tmp_pcb                   
00008049  tcp_tmr                       
2000cf74  tcp_tw_pcbs                   
00007ab1  tcp_update_rcv_ann_wnd        
0000111d  tcp_write                     
000050a1  tcp_zero_window_probe         
2000cf78  telegramIP                    
000079b9  tivaif_init                   
00006ff9  tivaif_interrupt              
00005d75  tivaif_process_phy_interrupt  
00006531  udp_bind                      
00007045  udp_connect                   
000023ad  udp_input                     
00008119  udp_new                       
2000cf7c  udp_pcbs                      
000085f7  udp_recv                      
00007ae1  udp_remove                    
00007849  udp_sendto                    
00004139  udp_sendto_if                 
00008069  usprintf                      
00007ccd  ustrncpy                      
00001935  uvsnprintf                    


GLOBAL SYMBOLS: SORTED BY Symbol Address 

address   name                          
-------   ----                          
00000000  __TI_static_base__            
00000000  g_pfnVectors                  
00000800  __STACK_SIZE                  
0000099d  tcp_input                     
0000111d  tcp_write                     
00001401  tcp_slowtmr                   
000016c9  main                          
00001935  uvsnprintf                    
00001db1  PinoutSet                     
00001fbd  SysCtlClockFreqSet            
000021bd  ip_input                      
000023ad  udp_input                     
0000259d  UARTvprintf                   
0000278d  icmp_input                    
00002931  tcp_output                    
00002abd  GPIOPadConfigSet              
00002c29  UARTStdioIntHandler           
00003161  pbuf_alloc                    
000034fd  etharp_output                 
00003619  lwIPHostTimerHandler          
00003735  etharp_query                  
0000395d  ipaddr_aton                   
00003a6d  mem_malloc                    
00003b75  mem_trim                      
00003d79  tcp_connect                   
00003f65  lwIPInit                      
00004051  ip_output_if                  
00004139  udp_sendto_if                 
00004301  etharp_raw                    
000044b5  autoip_tmr                    
0000465d  tcp_alloc                     
0000498d  InitDMADescriptors            
00004d41  UARTStdioConfig               
00004df1  UARTwrite                     
00004f49  ethernet_input                
00004ff5  tcp_enqueue_flags             
000050a1  tcp_zero_window_probe         
0000514d  dhcp_release                  
000051f5  dhcp_start                    
000053e1  inet_chksum_pseudo            
00005481  __aeabi_memcpy                
00005481  __aeabi_memcpy4               
00005481  __aeabi_memcpy8               
00005481  memcpy                        
000055b5  pbuf_copy                     
00005647  __aeabi_idiv0                 
00005647  __aeabi_ldiv0                 
00005649  tcp_abandon                   
000056d9  tcp_rst                       
000057f5  EthClientInit                 
00005a01  dhcp_renew                    
00005a81  lwIPEthernetIntHandler        
00005b81  autoip_arp_reply              
00005d75  tivaif_process_phy_interrupt  
00005df1  __aeabi_memclr                
00005df1  __aeabi_memclr4               
00005df1  __aeabi_memclr8               
00005df3  __aeabi_memset                
00005df3  __aeabi_memset4               
00005df3  __aeabi_memset8               
00005df9  memset                        
00005e6d  TCPConnected                  
00005f55  raw_input                     
00005fc9  EthClientTCPConnect           
00006039  mem_free                      
000060a9  tcp_fasttmr                   
00006185  memp_init                     
000061f1  IntEnable                     
00006259  __TI_decompress_lzss          
00006391  netif_set_ipaddr              
000063f9  sys_timeout                   
000064c9  tcp_process_refused_data      
00006531  udp_bind                      
00006599  pbuf_copy_partial             
00006601  EthClientSend                 
00006665  dns_init                      
000066c9  pbuf_header                   
0000672d  UpdateMACAddr                 
0000678d  memp_malloc                   
0000684d  sys_timeouts_init             
000068ad  dns_gethostbyname             
00006909  tcp_keepalive                 
00006965  tcp_pcb_remove                
000069c1  tcp_send_empty_ack            
00006a1d  pbuf_realloc                  
00006a79  EMACPHYConfigSet              
00006b29  autoip_start                  
00006b81  mem_init                      
00006c31  tcp_rexmit                    
00006c89  EthClientDNSResolve           
00006d81  SysCtlPeripheralReset         
00006dd1  UpdateIPAddress               
00006e21  netif_add                     
00006f0f  inet_chksum_pbuf              
00006f5d  pbuf_free                     
00006fad  ip_route                      
00006ff9  tivaif_interrupt              
00007045  udp_connect                   
0000716d  ip_output                     
000071fd  tcp_rexmit_fast               
0000728d  tcp_send_fin                  
000072d5  EthClientDHCPConnect          
00007319  __TI_auto_init_nobinit_nopinit
0000735d  dhcp_network_changed          
000073e1  tcp_pcb_purge                 
00007425  TCPReceived                   
00007465  etharp_tmr                    
000074a5  __aeabi_uidiv                 
000074a5  __aeabi_uidivmod              
000074e5  netif_set_link_up             
00007525  UARTFlushTx                   
00007561  dhcp_coarse_tmr               
000075d9  memp_free                     
00007615  EMACIntEnable                 
00007689  EMACConfigSet                 
000076c1  EnetEvents                    
000076f9  SysCtlPeripheralReady         
00007731  dhcp_fine_tmr                 
000077a1  dhcp_stop                     
00007849  udp_sendto                    
00007881  EMACConfigGet                 
000078b5  EMACIntClear                  
000078e9  _c_int00_noargs               
00007985  tcp_timer_needed              
000079b9  tivaif_init                   
000079ed  ip4_addr_isbroadcast          
00007a1f  tcp_recved                    
00007ab1  tcp_update_rcv_ann_wnd        
00007ae1  udp_remove                    
00007b11  tcp_rexmit_rto                
00007b41  PrintIPAddress                
00007b6f  EMACIntStatus                 
00007b9b  GPIODirModeSet                
00007bc9  UARTFlushRx                   
00007c4d  etharp_request                
00007ca3  pbuf_cat                      
00007ccd  ustrncpy                      
00007cf9  SysTickIntHandler             
00007d21  etharp_cleanup_netif          
00007d49  EMACPHYRead                   
00007d6f  EMACPHYWrite                  
00007dbb  tcp_recv_null                 
00007de1  EthClientTCPDisconnect        
00007e05  IntPrioritySet                
00007e4d  dns_setserver                 
00007e95  lwIPNetworkConfigChange       
00007eb9  memcmp                        
00007edd  netif_set_up                  
00007f01  tcp_seg_copy                  
00007f49  EthClientTick                 
00007f69  IntPriorityGroupingSet        
00008009  lwIPTimer                     
00008029  tcp_eff_send_mss              
00008049  tcp_tmr                       
00008069  usprintf                      
00008089  EMACAddrGet                   
000080a7  netif_set_down                
000080c5  EthClientMACAddrGet           
000080e1  EthClientAddrGet              
000080e1  lwIPLocalIPAddrGet            
000080fd  netif_set_addr                
00008119  udp_new                       
00008135  UARTprintf                    
0000814f  autoip_network_changed        
00008169  dhcp_arp_reply                
00008183  lwip_htonl                    
00008183  lwip_ntohl                    
000081b5  TCPError                      
000081cd  TCPSent                       
00008275  strcmp                        
0000828d  tcp_next_iss                  
000082a5  tcp_seg_free                  
000082bd  EMACReset                     
000082d3  EMACRxEnable                  
000082e9  EMACTxEnable                  
000082ff  GPIOPinTypeEthernetLED        
00008357  pbuf_ref                      
0000836d  FlashUserGet                  
00008381  SysTickEnable                 
00008395  SysTickIntEnable              
000083a9  ipaddr_addr                   
000083bd  lwip_init                     
000083d1  strlen                        
000083e5  sys_arch_unprotect            
000083f9  tcp_close                     
00008431  netif_set_link_down           
00008443  pbuf_clen                     
00008455  EMACFrameFilterSet            
00008465  EthClientHostSet              
00008475  EthClientProxySet             
00008485  IntMasterEnable               
00008495  SysTickPeriodSet              
000084a5  autoip_stop                   
000084c5  dns_tmr                       
000084d5  inet_chksum                   
000084e5  pbuf_chain                    
000084f5  sys_arch_protect              
00008505  tcp_segs_free                 
00008523  __TI_decompress_none          
00008531  CPUcpsie                      
0000853d  EthClientServerAddrGet        
00008549  SysCtlMOSCConfigSet           
00008561  __TI_zero_init                
0000856d  lwip_htons                    
0000856d  lwip_ntohs                    
00008579  netif_set_default             
00008585  netif_set_gw                  
00008591  netif_set_netmask             
0000859d  sys_now                       
000085a9  EMACPowerManagementStatusGet  
000085b1  EMACTxDMAPollDemand           
000085b9  icmp_dest_unreach             
000085c1  EMACRxDMADescriptorListSet    
000085c7  EMACTimestampIntStatus        
000085cd  EMACTxDMADescriptorListSet    
000085d3  ResetISR                      
000085d9  SysCtlDelay                   
000085df  tcp_abort                     
000085e5  tcp_err                       
000085eb  tcp_new                       
000085f1  tcp_recv                      
000085f7  udp_recv                      
000085fd  _system_pre_init              
00008601  C$$EXIT                       
00008601  abort                         
00008605  tcp_sent                      
000089c0  tcp_pcb_lists                 
000089d0  tcp_backoff                   
00008a0c  tcp_persist_backoff           
00008a13  ethbroadcast                  
00008a19  ethzero                       
00008a20  ip_addr_any                   
00008a24  ip_addr_broadcast             
00008b48  __TI_Handler_Table_Base       
00008b54  __TI_Handler_Table_Limit      
00008b60  __TI_CINIT_Base               
00008b70  __TI_CINIT_Limit              
20000000  __start___llvm_prf_cnts       
20000000  __stop___llvm_prf_cnts        
20000000  ram_heap                      
2000aec8  g_pui8SendBuff                
2000c92c  g_pRxDescriptors              
2000ca4c  g_pTxDescriptors              
2000cb6c  lwip_stats                    
2000cc56  actualizarUART                
2000ce34  g_sEnet                       
2000ce6c  dhcp_rx_options_val           
2000ce94  g_pcMACAddr                   
2000cedc  g_pcIPAddr                    
2000cf00  dhcp_rx_options_given         
2000cf1c  DNSResuleto                   
2000cf20  conexionTelegram              
2000cf24  current_header                
2000cf28  current_iphdr_dest            
2000cf2c  current_iphdr_src             
2000cf30  current_netif                 
2000cf34  debug                         
2000cf38  g_pfnTimerHandler             
2000cf3c  g_ui32AbnormalInts            
2000cf40  g_ui32Delay                   
2000cf44  g_ui32IPaddr                  
2000cf48  g_ui32NormalInts              
2000cf4c  g_ui32SysClock                
2000cf50  netif_default                 
2000cf54  netif_list                    
2000cf58  resEnvio                      
2000cf5c  tcp_active_pcbs               
2000cf60  tcp_bound_pcbs                
2000cf64  tcp_input_pcb                 
2000cf68  tcp_listen_pcbs               
2000cf6c  tcp_ticks                     
2000cf70  tcp_tmp_pcb                   
2000cf74  tcp_tw_pcbs                   
2000cf78  telegramIP                    
2000cf7c  udp_pcbs                      
2000cf80  pbuf_free_ooseq_pending       
2000cf81  tcp_active_pcbs_changed       
2000cf88  __stack                       
2000d788  __STACK_END                   
2000d788  __STACK_TOP                   
2000d788  g_exampleRequest              
2000d84c  g_ui32LocalTimer              
2000d884  stateName                     
2000d8b8  g_RxDescList                  
2000d8c8  g_TxDescList                  
2000d8e4  g_iState                      
2000d8e8  nombreDominio                 
2000d8ec  puertoConexion                
ffffffff  __TI_pprof_out_hndl           
ffffffff  __TI_prof_data_size           
ffffffff  __TI_prof_data_start          
ffffffff  __binit__                     
ffffffff  __c_args__                    
ffffffff  binit                         
UNDEFED   __mpu_init                    
UNDEFED   _system_post_cinit            

[296 symbols]
