<?xml version="1.0" encoding="ISO-8859-1" ?>
<link_info>
   <banner>TI ARM Linker PC v20.2.1.LTS</banner>
   <copyright>Copyright (c) 1996-2018 Texas Instruments Incorporated</copyright>
   <link_time>0x5fcce858</link_time>
   <link_errors>0x0</link_errors>
   <output_file>enet_weather.out</output_file>
   <entry_point>
      <name>_c_int00_noargs</name>
      <address>0x8a45</address>
   </entry_point>
   <input_file_list>
      <input_file id="fl-2">
         <path>.\</path>
         <kind>object</kind>
         <file>commands.obj</file>
         <name>commands.obj</name>
      </input_file>
      <input_file id="fl-3">
         <path>.\</path>
         <kind>object</kind>
         <file>eth_client.obj</file>
         <name>eth_client.obj</name>
      </input_file>
      <input_file id="fl-4">
         <path>.\</path>
         <kind>object</kind>
         <file>images.obj</file>
         <name>images.obj</name>
      </input_file>
      <input_file id="fl-5">
         <path>.\</path>
         <kind>object</kind>
         <file>json.obj</file>
         <name>json.obj</name>
      </input_file>
      <input_file id="fl-6">
         <path>.\</path>
         <kind>object</kind>
         <file>main.obj</file>
         <name>main.obj</name>
      </input_file>
      <input_file id="fl-7">
         <path>.\</path>
         <kind>object</kind>
         <file>startup_ccs.obj</file>
         <name>startup_ccs.obj</name>
      </input_file>
      <input_file id="fl-8">
         <path>.\drivers\</path>
         <kind>object</kind>
         <file>pinout.obj</file>
         <name>pinout.obj</name>
      </input_file>
      <input_file id="fl-9">
         <path>.\utils\</path>
         <kind>object</kind>
         <file>cmdline.obj</file>
         <name>cmdline.obj</name>
      </input_file>
      <input_file id="fl-a">
         <path>.\utils\</path>
         <kind>object</kind>
         <file>flash_pb.obj</file>
         <name>flash_pb.obj</name>
      </input_file>
      <input_file id="fl-b">
         <path>.\utils\</path>
         <kind>object</kind>
         <file>locator.obj</file>
         <name>locator.obj</name>
      </input_file>
      <input_file id="fl-c">
         <path>.\utils\</path>
         <kind>object</kind>
         <file>lwiplib.obj</file>
         <name>lwiplib.obj</name>
      </input_file>
      <input_file id="fl-d">
         <path>.\utils\</path>
         <kind>object</kind>
         <file>uartstdio.obj</file>
         <name>uartstdio.obj</name>
      </input_file>
      <input_file id="fl-e">
         <path>.\utils\</path>
         <kind>object</kind>
         <file>ustdlib.obj</file>
         <name>ustdlib.obj</name>
      </input_file>
      <input_file id="fl-13">
         <kind>object</kind>
         <file>&lt;internal&gt;</file>
         <name>&lt;internal&gt;</name>
      </input_file>
      <input_file id="fl-14">
         <path>C:\ti\fir\driverlib\ccs\Debug\</path>
         <kind>archive</kind>
         <file>driverlib.lib</file>
         <name>emac.obj</name>
      </input_file>
      <input_file id="fl-15">
         <path>C:\ti\fir\driverlib\ccs\Debug\</path>
         <kind>archive</kind>
         <file>driverlib.lib</file>
         <name>flash.obj</name>
      </input_file>
      <input_file id="fl-16">
         <path>C:\ti\fir\driverlib\ccs\Debug\</path>
         <kind>archive</kind>
         <file>driverlib.lib</file>
         <name>gpio.obj</name>
      </input_file>
      <input_file id="fl-17">
         <path>C:\ti\fir\driverlib\ccs\Debug\</path>
         <kind>archive</kind>
         <file>driverlib.lib</file>
         <name>interrupt.obj</name>
      </input_file>
      <input_file id="fl-18">
         <path>C:\ti\fir\driverlib\ccs\Debug\</path>
         <kind>archive</kind>
         <file>driverlib.lib</file>
         <name>sw_crc.obj</name>
      </input_file>
      <input_file id="fl-19">
         <path>C:\ti\fir\driverlib\ccs\Debug\</path>
         <kind>archive</kind>
         <file>driverlib.lib</file>
         <name>sysctl.obj</name>
      </input_file>
      <input_file id="fl-1a">
         <path>C:\ti\fir\driverlib\ccs\Debug\</path>
         <kind>archive</kind>
         <file>driverlib.lib</file>
         <name>systick.obj</name>
      </input_file>
      <input_file id="fl-1b">
         <path>C:\ti\fir\driverlib\ccs\Debug\</path>
         <kind>archive</kind>
         <file>driverlib.lib</file>
         <name>cpu.obj</name>
      </input_file>
      <input_file id="fl-d1">
         <path>C:\ti\ccs1011\ccs\tools\compiler\ti-cgt-arm_20.2.1.LTS\lib\</path>
         <kind>archive</kind>
         <file>rtsv7M4_T_le_v4SPD16_eabi.lib</file>
         <name>memset_t2.asm.obj</name>
      </input_file>
      <input_file id="fl-d2">
         <path>C:\ti\ccs1011\ccs\tools\compiler\ti-cgt-arm_20.2.1.LTS\lib\</path>
         <kind>archive</kind>
         <file>rtsv7M4_T_le_v4SPD16_eabi.lib</file>
         <name>memcpy_t2.asm.obj</name>
      </input_file>
      <input_file id="fl-d3">
         <path>C:\ti\ccs1011\ccs\tools\compiler\ti-cgt-arm_20.2.1.LTS\lib\</path>
         <kind>archive</kind>
         <file>rtsv7M4_T_le_v4SPD16_eabi.lib</file>
         <name>u_divt2.asm.obj</name>
      </input_file>
      <input_file id="fl-d4">
         <path>C:\ti\ccs1011\ccs\tools\compiler\ti-cgt-arm_20.2.1.LTS\lib\</path>
         <kind>archive</kind>
         <file>rtsv7M4_T_le_v4SPD16_eabi.lib</file>
         <name>copy_zero_init.c.obj</name>
      </input_file>
      <input_file id="fl-d5">
         <path>C:\ti\ccs1011\ccs\tools\compiler\ti-cgt-arm_20.2.1.LTS\lib\</path>
         <kind>archive</kind>
         <file>rtsv7M4_T_le_v4SPD16_eabi.lib</file>
         <name>copy_decompress_none.c.obj</name>
      </input_file>
      <input_file id="fl-d6">
         <path>C:\ti\ccs1011\ccs\tools\compiler\ti-cgt-arm_20.2.1.LTS\lib\</path>
         <kind>archive</kind>
         <file>rtsv7M4_T_le_v4SPD16_eabi.lib</file>
         <name>copy_decompress_lzss.c.obj</name>
      </input_file>
      <input_file id="fl-d7">
         <path>C:\ti\ccs1011\ccs\tools\compiler\ti-cgt-arm_20.2.1.LTS\lib\</path>
         <kind>archive</kind>
         <file>rtsv7M4_T_le_v4SPD16_eabi.lib</file>
         <name>memcmp.c.obj</name>
      </input_file>
      <input_file id="fl-d8">
         <path>C:\ti\ccs1011\ccs\tools\compiler\ti-cgt-arm_20.2.1.LTS\lib\</path>
         <kind>archive</kind>
         <file>rtsv7M4_T_le_v4SPD16_eabi.lib</file>
         <name>strcmp.c.obj</name>
      </input_file>
      <input_file id="fl-d9">
         <path>C:\ti\ccs1011\ccs\tools\compiler\ti-cgt-arm_20.2.1.LTS\lib\</path>
         <kind>archive</kind>
         <file>rtsv7M4_T_le_v4SPD16_eabi.lib</file>
         <name>strlen.c.obj</name>
      </input_file>
      <input_file id="fl-da">
         <path>C:\ti\ccs1011\ccs\tools\compiler\ti-cgt-arm_20.2.1.LTS\lib\</path>
         <kind>archive</kind>
         <file>rtsv7M4_T_le_v4SPD16_eabi.lib</file>
         <name>boot_cortex_m.c.obj</name>
      </input_file>
      <input_file id="fl-db">
         <path>C:\ti\ccs1011\ccs\tools\compiler\ti-cgt-arm_20.2.1.LTS\lib\</path>
         <kind>archive</kind>
         <file>rtsv7M4_T_le_v4SPD16_eabi.lib</file>
         <name>div0.asm.obj</name>
      </input_file>
      <input_file id="fl-dc">
         <path>C:\ti\ccs1011\ccs\tools\compiler\ti-cgt-arm_20.2.1.LTS\lib\</path>
         <kind>archive</kind>
         <file>rtsv7M4_T_le_v4SPD16_eabi.lib</file>
         <name>autoinit.c.obj</name>
      </input_file>
      <input_file id="fl-dd">
         <path>C:\ti\ccs1011\ccs\tools\compiler\ti-cgt-arm_20.2.1.LTS\lib\</path>
         <kind>archive</kind>
         <file>rtsv7M4_T_le_v4SPD16_eabi.lib</file>
         <name>pre_init.c.obj</name>
      </input_file>
      <input_file id="fl-de">
         <path>C:\ti\ccs1011\ccs\tools\compiler\ti-cgt-arm_20.2.1.LTS\lib\</path>
         <kind>archive</kind>
         <file>rtsv7M4_T_le_v4SPD16_eabi.lib</file>
         <name>cpy_tbl.c.obj</name>
      </input_file>
      <input_file id="fl-df">
         <path>C:\ti\ccs1011\ccs\tools\compiler\ti-cgt-arm_20.2.1.LTS\lib\</path>
         <kind>archive</kind>
         <file>rtsv7M4_T_le_v4SPD16_eabi.lib</file>
         <name>exit.c.obj</name>
      </input_file>
      <input_file id="fl-e0">
         <path>C:\ti\ccs1011\ccs\tools\compiler\ti-cgt-arm_20.2.1.LTS\lib\</path>
         <kind>archive</kind>
         <file>rtsv7M4_T_le_v4SPD16_eabi.lib</file>
         <name>_lock.c.obj</name>
      </input_file>
      <input_file id="fl-e1">
         <path>C:\ti\ccs1011\ccs\tools\compiler\ti-cgt-arm_20.2.1.LTS\lib\</path>
         <kind>archive</kind>
         <file>rtsv7M4_T_le_v4SPD16_eabi.lib</file>
         <name>args_main.c.obj</name>
      </input_file>
   </input_file_list>
   <object_component_list>
      <object_component id="oc-13">
         <name>.intvecs</name>
         <load_address>0x0</load_address>
         <run_address>0x0</run_address>
         <size>0x200</size>
         <input_file_ref idref="fl-7"/>
      </object_component>
      <object_component id="oc-af8">
         <name>.text:tcp_receive</name>
         <load_address>0x200</load_address>
         <run_address>0x200</run_address>
         <size>0x79c</size>
         <input_file_ref idref="fl-c"/>
      </object_component>
      <object_component id="oc-89d">
         <name>.text:tcp_input</name>
         <load_address>0x99c</load_address>
         <run_address>0x99c</run_address>
         <size>0x3cc</size>
         <input_file_ref idref="fl-c"/>
      </object_component>
      <object_component id="oc-a32">
         <name>.text:tcp_process</name>
         <load_address>0xd68</load_address>
         <run_address>0xd68</run_address>
         <size>0x3b4</size>
         <input_file_ref idref="fl-c"/>
      </object_component>
      <object_component id="oc-2e4">
         <name>.text:UpdateUART</name>
         <load_address>0x111c</load_address>
         <run_address>0x111c</run_address>
         <size>0x35c</size>
         <input_file_ref idref="fl-6"/>
      </object_component>
      <object_component id="oc-382">
         <name>.text:tcp_write</name>
         <load_address>0x1478</load_address>
         <run_address>0x1478</run_address>
         <size>0x2e4</size>
         <input_file_ref idref="fl-c"/>
      </object_component>
      <object_component id="oc-373">
         <name>.text:tcp_slowtmr</name>
         <load_address>0x175c</load_address>
         <run_address>0x175c</run_address>
         <size>0x2c8</size>
         <input_file_ref idref="fl-c"/>
      </object_component>
      <object_component id="oc-119">
         <name>.text:main</name>
         <load_address>0x1a24</load_address>
         <run_address>0x1a24</run_address>
         <size>0x264</size>
         <input_file_ref idref="fl-6"/>
      </object_component>
      <object_component id="oc-75b">
         <name>.text:uvsnprintf</name>
         <load_address>0x1c88</load_address>
         <run_address>0x1c88</run_address>
         <size>0x251</size>
         <input_file_ref idref="fl-e"/>
      </object_component>
      <object_component id="oc-34">
         <name>.text:FaultISR</name>
         <load_address>0x1eda</load_address>
         <run_address>0x1eda</run_address>
         <size>0x2</size>
         <input_file_ref idref="fl-7"/>
      </object_component>
      <object_component id="oc-914">
         <name>.text:dhcp_parse_reply</name>
         <load_address>0x1edc</load_address>
         <run_address>0x1edc</run_address>
         <size>0x228</size>
         <input_file_ref idref="fl-c"/>
      </object_component>
      <object_component id="oc-28a">
         <name>.text:PinoutSet</name>
         <load_address>0x2104</load_address>
         <run_address>0x2104</run_address>
         <size>0x20c</size>
         <input_file_ref idref="fl-8"/>
      </object_component>
      <object_component id="oc-284">
         <name>.text:SysCtlClockFreqSet</name>
         <load_address>0x2310</load_address>
         <run_address>0x2310</run_address>
         <size>0x200</size>
         <input_file_ref idref="fl-19"/>
      </object_component>
      <object_component id="oc-66d">
         <name>.text:ip_input</name>
         <load_address>0x2510</load_address>
         <run_address>0x2510</run_address>
         <size>0x1f0</size>
         <input_file_ref idref="fl-c"/>
      </object_component>
      <object_component id="oc-897">
         <name>.text:udp_input</name>
         <load_address>0x2700</load_address>
         <run_address>0x2700</run_address>
         <size>0x1f0</size>
         <input_file_ref idref="fl-c"/>
      </object_component>
      <object_component id="oc-54e">
         <name>.text:UARTvprintf</name>
         <load_address>0x28f0</load_address>
         <run_address>0x28f0</run_address>
         <size>0x1ee</size>
         <input_file_ref idref="fl-d"/>
      </object_component>
      <object_component id="oc-3a">
         <name>.text:IntDefaultHandler</name>
         <load_address>0x2ade</load_address>
         <run_address>0x2ade</run_address>
         <size>0x2</size>
         <input_file_ref idref="fl-7"/>
      </object_component>
      <object_component id="oc-ad1">
         <name>.text:JSONParseForecast</name>
         <load_address>0x2ae0</load_address>
         <run_address>0x2ae0</run_address>
         <size>0x1ec</size>
         <input_file_ref idref="fl-5"/>
      </object_component>
      <object_component id="oc-ab5">
         <name>.text:Cmd_setproxy</name>
         <load_address>0x2ccc</load_address>
         <run_address>0x2ccc</run_address>
         <size>0x1c8</size>
         <input_file_ref idref="fl-2"/>
      </object_component>
      <object_component id="oc-2f0">
         <name>.text:UpdateCity</name>
         <load_address>0x2e94</load_address>
         <run_address>0x2e94</run_address>
         <size>0x1a8</size>
         <input_file_ref idref="fl-6"/>
      </object_component>
      <object_component id="oc-8a3">
         <name>.text:icmp_input</name>
         <load_address>0x303c</load_address>
         <run_address>0x303c</run_address>
         <size>0x1a4</size>
         <input_file_ref idref="fl-c"/>
      </object_component>
      <object_component id="oc-388">
         <name>.text:tcp_output</name>
         <load_address>0x31e0</load_address>
         <run_address>0x31e0</run_address>
         <size>0x18c</size>
         <input_file_ref idref="fl-c"/>
      </object_component>
      <object_component id="oc-492">
         <name>.text:GPIOPadConfigSet</name>
         <load_address>0x336c</load_address>
         <run_address>0x336c</run_address>
         <size>0x16c</size>
         <input_file_ref idref="fl-16"/>
      </object_component>
      <object_component id="oc-46">
         <name>.text:UARTStdioIntHandler</name>
         <load_address>0x34d8</load_address>
         <run_address>0x34d8</run_address>
         <size>0x160</size>
         <input_file_ref idref="fl-d"/>
      </object_component>
      <object_component id="oc-661">
         <name>.text:etharp_arp_input</name>
         <load_address>0x3638</load_address>
         <run_address>0x3638</run_address>
         <size>0x150</size>
         <input_file_ref idref="fl-c"/>
      </object_component>
      <object_component id="oc-96">
         <name>.text:EthClientTick</name>
         <load_address>0x3788</load_address>
         <run_address>0x3788</run_address>
         <size>0x148</size>
         <input_file_ref idref="fl-3"/>
      </object_component>
      <object_component id="oc-629">
         <name>.text:tcp_close_shutdown</name>
         <load_address>0x38d0</load_address>
         <run_address>0x38d0</run_address>
         <size>0x148</size>
         <input_file_ref idref="fl-c"/>
      </object_component>
      <object_component id="oc-1e2">
         <name>.text:tivaif_receive</name>
         <load_address>0x3a18</load_address>
         <run_address>0x3a18</run_address>
         <size>0x140</size>
         <input_file_ref idref="fl-c"/>
      </object_component>
      <object_component id="oc-413">
         <name>.text:pbuf_alloc</name>
         <load_address>0x3b58</load_address>
         <run_address>0x3b58</run_address>
         <size>0x13e</size>
         <input_file_ref idref="fl-c"/>
      </object_component>
      <object_component id="oc-2e">
         <name>.text:NmiSR</name>
         <load_address>0x3c96</load_address>
         <run_address>0x3c96</run_address>
         <size>0x2</size>
         <input_file_ref idref="fl-7"/>
      </object_component>
      <object_component id="oc-b1c">
         <name>.text:dns_recv</name>
         <load_address>0x3c98</load_address>
         <run_address>0x3c98</run_address>
         <size>0x138</size>
         <input_file_ref idref="fl-c"/>
      </object_component>
      <object_component id="oc-8c3">
         <name>.text:dhcp_create_msg</name>
         <load_address>0x3dd0</load_address>
         <run_address>0x3dd0</run_address>
         <size>0x124</size>
         <input_file_ref idref="fl-c"/>
      </object_component>
      <object_component id="oc-a99">
         <name>.text:etharp_output</name>
         <load_address>0x3ef4</load_address>
         <run_address>0x3ef4</run_address>
         <size>0x11c</size>
         <input_file_ref idref="fl-c"/>
      </object_component>
      <object_component id="oc-8f0">
         <name>.text:etharp_query</name>
         <load_address>0x4010</load_address>
         <run_address>0x4010</run_address>
         <size>0x114</size>
         <input_file_ref idref="fl-c"/>
      </object_component>
      <object_component id="oc-a26">
         <name>.text:tcp_listen_input</name>
         <load_address>0x4124</load_address>
         <run_address>0x4124</run_address>
         <size>0x114</size>
         <input_file_ref idref="fl-c"/>
      </object_component>
      <object_component id="oc-832">
         <name>.text:ipaddr_aton</name>
         <load_address>0x4238</load_address>
         <run_address>0x4238</run_address>
         <size>0x110</size>
         <input_file_ref idref="fl-c"/>
      </object_component>
      <object_component id="oc-683">
         <name>.text:mem_malloc</name>
         <load_address>0x4348</load_address>
         <run_address>0x4348</run_address>
         <size>0x108</size>
         <input_file_ref idref="fl-c"/>
      </object_component>
      <object_component id="oc-a15">
         <name>.text:mem_trim</name>
         <load_address>0x4450</load_address>
         <run_address>0x4450</run_address>
         <size>0x104</size>
         <input_file_ref idref="fl-c"/>
      </object_component>
      <object_component id="oc-a9f">
         <name>.text:tivaif_transmit</name>
         <load_address>0x4554</load_address>
         <run_address>0x4554</run_address>
         <size>0x100</size>
         <input_file_ref idref="fl-c"/>
      </object_component>
      <object_component id="oc-7a4">
         <name>.text:tcp_connect</name>
         <load_address>0x4654</load_address>
         <run_address>0x4654</run_address>
         <size>0xf8</size>
         <input_file_ref idref="fl-c"/>
      </object_component>
      <object_component id="oc-5cc">
         <name>.text:lwIPPrivateNetworkConfigChange</name>
         <load_address>0x474c</load_address>
         <run_address>0x474c</run_address>
         <size>0xf4</size>
         <input_file_ref idref="fl-c"/>
      </object_component>
      <object_component id="oc-4ec">
         <name>.text:lwIPInit</name>
         <load_address>0x4840</load_address>
         <run_address>0x4840</run_address>
         <size>0xec</size>
         <input_file_ref idref="fl-c"/>
      </object_component>
      <object_component id="oc-9d0">
         <name>.text:ip_output_if</name>
         <load_address>0x492c</load_address>
         <run_address>0x492c</run_address>
         <size>0xe8</size>
         <input_file_ref idref="fl-c"/>
      </object_component>
      <object_component id="oc-8d7">
         <name>.text:udp_sendto_if</name>
         <load_address>0x4a14</load_address>
         <run_address>0x4a14</run_address>
         <size>0xe8</size>
         <input_file_ref idref="fl-c"/>
      </object_component>
      <object_component id="oc-a00">
         <name>.text:etharp_find_entry</name>
         <load_address>0x4afc</load_address>
         <run_address>0x4afc</run_address>
         <size>0xe0</size>
         <input_file_ref idref="fl-c"/>
      </object_component>
      <object_component id="oc-6a6">
         <name>.text:etharp_raw</name>
         <load_address>0x4bdc</load_address>
         <run_address>0x4bdc</run_address>
         <size>0xdc</size>
         <input_file_ref idref="fl-c"/>
      </object_component>
      <object_component id="oc-5fe">
         <name>.text:tcp_output_segment</name>
         <load_address>0x4cb8</load_address>
         <run_address>0x4cb8</run_address>
         <size>0xd8</size>
         <input_file_ref idref="fl-c"/>
      </object_component>
      <object_component id="oc-1f7">
         <name>.text:autoip_tmr</name>
         <load_address>0x4d90</load_address>
         <run_address>0x4d90</run_address>
         <size>0xd4</size>
         <input_file_ref idref="fl-c"/>
      </object_component>
      <object_component id="oc-6da">
         <name>.text:dhcp_select</name>
         <load_address>0x4e64</load_address>
         <run_address>0x4e64</run_address>
         <size>0xd4</size>
         <input_file_ref idref="fl-c"/>
      </object_component>
      <object_component id="oc-977">
         <name>.text:tcp_alloc</name>
         <load_address>0x4f38</load_address>
         <run_address>0x4f38</run_address>
         <size>0xd0</size>
         <input_file_ref idref="fl-c"/>
      </object_component>
      <object_component id="oc-714">
         <name>.text:dhcp_recv</name>
         <load_address>0x5008</load_address>
         <run_address>0x5008</run_address>
         <size>0xcc</size>
         <input_file_ref idref="fl-c"/>
      </object_component>
      <object_component id="oc-e4">
         <name>.text:lwIPServiceTimers</name>
         <load_address>0x50d4</load_address>
         <run_address>0x50d4</run_address>
         <size>0xcc</size>
         <input_file_ref idref="fl-c"/>
      </object_component>
      <object_component id="oc-aaf">
         <name>.text:Cmd_cityscroll</name>
         <load_address>0x51a0</load_address>
         <run_address>0x51a0</run_address>
         <size>0xc8</size>
         <input_file_ref idref="fl-2"/>
      </object_component>
      <object_component id="oc-6c8">
         <name>.text:dhcp_bind</name>
         <load_address>0x5268</load_address>
         <run_address>0x5268</run_address>
         <size>0xc8</size>
         <input_file_ref idref="fl-c"/>
      </object_component>
      <object_component id="oc-b4e">
         <name>.text:InitDMADescriptors</name>
         <load_address>0x5330</load_address>
         <run_address>0x5330</run_address>
         <size>0xc4</size>
         <input_file_ref idref="fl-c"/>
      </object_component>
      <object_component id="oc-6e0">
         <name>.text:dhcp_discover</name>
         <load_address>0x53f4</load_address>
         <run_address>0x53f4</run_address>
         <size>0xc4</size>
         <input_file_ref idref="fl-c"/>
      </object_component>
      <object_component id="oc-a90">
         <name>.text:tivaif_hwinit</name>
         <load_address>0x54b8</load_address>
         <run_address>0x54b8</run_address>
         <size>0xbc</size>
         <input_file_ref idref="fl-c"/>
      </object_component>
      <object_component id="oc-7e0">
         <name>.text:dns_send</name>
         <load_address>0x5574</load_address>
         <run_address>0x5574</run_address>
         <size>0xb8</size>
         <input_file_ref idref="fl-c"/>
      </object_component>
      <object_component id="oc-5e5">
         <name>.text:tcp_create_segment</name>
         <load_address>0x562c</load_address>
         <run_address>0x562c</run_address>
         <size>0xb8</size>
         <input_file_ref idref="fl-c"/>
      </object_component>
      <object_component id="oc-98d">
         <name>.text:TCPReceive</name>
         <load_address>0x56e4</load_address>
         <run_address>0x56e4</run_address>
         <size>0xb4</size>
         <input_file_ref idref="fl-3"/>
      </object_component>
      <object_component id="oc-290">
         <name>.text:UARTStdioConfig</name>
         <load_address>0x5798</load_address>
         <run_address>0x5798</run_address>
         <size>0xb0</size>
         <input_file_ref idref="fl-d"/>
      </object_component>
      <object_component id="oc-bba">
         <name>.text:GetField</name>
         <load_address>0x5848</load_address>
         <run_address>0x5848</run_address>
         <size>0xae</size>
         <input_file_ref idref="fl-5"/>
      </object_component>
      <object_component id="oc-993">
         <name>.text:TCPError</name>
         <load_address>0x58f6</load_address>
         <run_address>0x58f6</run_address>
         <size>0x2</size>
         <input_file_ref idref="fl-3"/>
      </object_component>
      <object_component id="oc-ac">
         <name>.text:UARTwrite</name>
         <load_address>0x58f8</load_address>
         <run_address>0x58f8</run_address>
         <size>0xac</size>
         <input_file_ref idref="fl-d"/>
      </object_component>
      <object_component id="oc-61e">
         <name>.text:dns_enqueue</name>
         <load_address>0x59a4</load_address>
         <run_address>0x59a4</run_address>
         <size>0xac</size>
         <input_file_ref idref="fl-c"/>
      </object_component>
      <object_component id="oc-40d">
         <name>.text:ethernet_input</name>
         <load_address>0x5a50</load_address>
         <run_address>0x5a50</run_address>
         <size>0xac</size>
         <input_file_ref idref="fl-c"/>
      </object_component>
      <object_component id="oc-986">
         <name>.text:tcp_enqueue_flags</name>
         <load_address>0x5afc</load_address>
         <run_address>0x5afc</run_address>
         <size>0xac</size>
         <input_file_ref idref="fl-c"/>
      </object_component>
      <object_component id="oc-59f">
         <name>.text:tcp_zero_window_probe</name>
         <load_address>0x5ba8</load_address>
         <run_address>0x5ba8</run_address>
         <size>0xac</size>
         <input_file_ref idref="fl-c"/>
      </object_component>
      <object_component id="oc-6d4">
         <name>.text:dhcp_release</name>
         <load_address>0x5c54</load_address>
         <run_address>0x5c54</run_address>
         <size>0xa8</size>
         <input_file_ref idref="fl-c"/>
      </object_component>
      <object_component id="oc-460">
         <name>.text:dhcp_start</name>
         <load_address>0x5cfc</load_address>
         <run_address>0x5cfc</run_address>
         <size>0xa8</size>
         <input_file_ref idref="fl-c"/>
      </object_component>
      <object_component id="oc-50d">
         <name>.text:CheckForUserCommands</name>
         <load_address>0x5da4</load_address>
         <run_address>0x5da4</run_address>
         <size>0xa4</size>
         <input_file_ref idref="fl-6"/>
      </object_component>
      <object_component id="oc-587">
         <name>.text:dns_check_entry</name>
         <load_address>0x5e48</load_address>
         <run_address>0x5e48</run_address>
         <size>0xa4</size>
         <input_file_ref idref="fl-c"/>
      </object_component>
      <object_component id="oc-926">
         <name>.text:dhcp_handle_ack</name>
         <load_address>0x5eec</load_address>
         <run_address>0x5eec</run_address>
         <size>0xa0</size>
         <input_file_ref idref="fl-c"/>
      </object_component>
      <object_component id="oc-801">
         <name>.text:inet_chksum_pseudo</name>
         <load_address>0x5f8c</load_address>
         <run_address>0x5f8c</run_address>
         <size>0xa0</size>
         <input_file_ref idref="fl-c"/>
      </object_component>
      <object_component id="oc-31a">
         <name>.text:WeatherEvent</name>
         <load_address>0x602c</load_address>
         <run_address>0x602c</run_address>
         <size>0x9c</size>
         <input_file_ref idref="fl-6"/>
      </object_component>
      <object_component id="oc-60">
         <name>.text</name>
         <load_address>0x60c8</load_address>
         <run_address>0x60c8</run_address>
         <size>0x9c</size>
         <input_file_ref idref="fl-d2"/>
      </object_component>
      <object_component id="oc-c42">
         <name>.text:ustrtoul</name>
         <load_address>0x6164</load_address>
         <run_address>0x6164</run_address>
         <size>0x9c</size>
         <input_file_ref idref="fl-e"/>
      </object_component>
      <object_component id="oc-6c2">
         <name>.text:dhcp_reboot</name>
         <load_address>0x6200</load_address>
         <run_address>0x6200</run_address>
         <size>0x98</size>
         <input_file_ref idref="fl-c"/>
      </object_component>
      <object_component id="oc-a42">
         <name>.text:pbuf_copy</name>
         <load_address>0x6298</load_address>
         <run_address>0x6298</run_address>
         <size>0x92</size>
         <input_file_ref idref="fl-c"/>
      </object_component>
      <object_component id="oc-bc6">
         <name>.text:GetFieldValueString</name>
         <load_address>0x632a</load_address>
         <run_address>0x632a</run_address>
         <size>0x90</size>
         <input_file_ref idref="fl-5"/>
      </object_component>
      <object_component id="oc-527">
         <name>.text:TempCtoF</name>
         <load_address>0x63ba</load_address>
         <run_address>0x63ba</run_address>
         <size>0x2</size>
         <input_file_ref idref="fl-6"/>
      </object_component>
      <object_component id="oc-a49">
         <name>.text:tcp_abandon</name>
         <load_address>0x63bc</load_address>
         <run_address>0x63bc</run_address>
         <size>0x90</size>
         <input_file_ref idref="fl-c"/>
      </object_component>
      <object_component id="oc-5b7">
         <name>.text:tcp_rst</name>
         <load_address>0x644c</load_address>
         <run_address>0x644c</run_address>
         <size>0x90</size>
         <input_file_ref idref="fl-c"/>
      </object_component>
      <object_component id="oc-a0">
         <name>.text:UARTPrimeTransmit</name>
         <load_address>0x64dc</load_address>
         <run_address>0x64dc</run_address>
         <size>0x8c</size>
         <input_file_ref idref="fl-d"/>
      </object_component>
      <object_component id="oc-209">
         <name>.text:lwIPLinkDetect</name>
         <load_address>0x6568</load_address>
         <run_address>0x6568</run_address>
         <size>0x84</size>
         <input_file_ref idref="fl-c"/>
      </object_component>
      <object_component id="oc-a2c">
         <name>.text:tcp_timewait_input</name>
         <load_address>0x65ec</load_address>
         <run_address>0x65ec</run_address>
         <size>0x84</size>
         <input_file_ref idref="fl-c"/>
      </object_component>
      <object_component id="oc-6bb">
         <name>.text:dhcp_rebind</name>
         <load_address>0x6670</load_address>
         <run_address>0x6670</run_address>
         <size>0x80</size>
         <input_file_ref idref="fl-c"/>
      </object_component>
      <object_component id="oc-6b4">
         <name>.text:dhcp_renew</name>
         <load_address>0x66f0</load_address>
         <run_address>0x66f0</run_address>
         <size>0x80</size>
         <input_file_ref idref="fl-c"/>
      </object_component>
      <object_component id="oc-4c">
         <name>.text:lwIPEthernetIntHandler</name>
         <load_address>0x6770</load_address>
         <run_address>0x6770</run_address>
         <size>0x80</size>
         <input_file_ref idref="fl-c"/>
      </object_component>
      <object_component id="oc-771">
         <name>.text:lwIPPrivateInit</name>
         <load_address>0x67f0</load_address>
         <run_address>0x67f0</run_address>
         <size>0x80</size>
         <input_file_ref idref="fl-c"/>
      </object_component>
      <object_component id="oc-865">
         <name>.text:autoip_arp_reply</name>
         <load_address>0x6870</load_address>
         <run_address>0x6870</run_address>
         <size>0x7e</size>
         <input_file_ref idref="fl-c"/>
      </object_component>
      <object_component id="oc-1eb">
         <name>.text:lwIPHostTimerHandler</name>
         <load_address>0x68ee</load_address>
         <run_address>0x68ee</run_address>
         <size>0x2</size>
         <input_file_ref idref="fl-3"/>
      </object_component>
      <object_component id="oc-2d8">
         <name>.text:EthClientInit</name>
         <load_address>0x68f0</load_address>
         <run_address>0x68f0</run_address>
         <size>0x7c</size>
         <input_file_ref idref="fl-3"/>
      </object_component>
      <object_component id="oc-447">
         <name>.text:dhcp_timeout</name>
         <load_address>0x696c</load_address>
         <run_address>0x696c</run_address>
         <size>0x7c</size>
         <input_file_ref idref="fl-c"/>
      </object_component>
      <object_component id="oc-be1">
         <name>.text:tcp_oos_insert_segment</name>
         <load_address>0x69e8</load_address>
         <run_address>0x69e8</run_address>
         <size>0x7c</size>
         <input_file_ref idref="fl-c"/>
      </object_component>
      <object_component id="oc-af0">
         <name>.text:tcp_parseopt</name>
         <load_address>0x6a64</load_address>
         <run_address>0x6a64</run_address>
         <size>0x7c</size>
         <input_file_ref idref="fl-c"/>
      </object_component>
      <object_component id="oc-1d6">
         <name>.text:tivaif_process_phy_interrupt</name>
         <load_address>0x6ae0</load_address>
         <run_address>0x6ae0</run_address>
         <size>0x7c</size>
         <input_file_ref idref="fl-c"/>
      </object_component>
      <object_component id="oc-10d">
         <name>.text</name>
         <load_address>0x6b5c</load_address>
         <run_address>0x6b5c</run_address>
         <size>0x7a</size>
         <input_file_ref idref="fl-d1"/>
      </object_component>
      <object_component id="oc-9a0">
         <name>.text</name>
         <load_address>0x6bd6</load_address>
         <run_address>0x6bd6</run_address>
         <size>0x2</size>
         <input_file_ref idref="fl-db"/>
      </object_component>
      <object_component id="oc-2b4">
         <name>.text:ResetCity</name>
         <load_address>0x6bd8</load_address>
         <run_address>0x6bd8</run_address>
         <size>0x78</size>
         <input_file_ref idref="fl-6"/>
      </object_component>
      <object_component id="oc-86b">
         <name>.text:etharp_update_arp_entry</name>
         <load_address>0x6c50</load_address>
         <run_address>0x6c50</run_address>
         <size>0x74</size>
         <input_file_ref idref="fl-c"/>
      </object_component>
      <object_component id="oc-88b">
         <name>.text:raw_input</name>
         <load_address>0x6cc4</load_address>
         <run_address>0x6cc4</run_address>
         <size>0x74</size>
         <input_file_ref idref="fl-c"/>
      </object_component>
      <object_component id="oc-bc0">
         <name>.text:GetFieldValueInt</name>
         <load_address>0x6d38</load_address>
         <run_address>0x6d38</run_address>
         <size>0x72</size>
         <input_file_ref idref="fl-5"/>
      </object_component>
      <object_component id="oc-653">
         <name>.text:mem_free</name>
         <load_address>0x6dac</load_address>
         <run_address>0x6dac</run_address>
         <size>0x70</size>
         <input_file_ref idref="fl-c"/>
      </object_component>
      <object_component id="oc-36d">
         <name>.text:tcp_fasttmr</name>
         <load_address>0x6e1c</load_address>
         <run_address>0x6e1c</run_address>
         <size>0x70</size>
         <input_file_ref idref="fl-c"/>
      </object_component>
      <object_component id="oc-a1e">
         <name>.text:icmp_send_response</name>
         <load_address>0x6e8c</load_address>
         <run_address>0x6e8c</run_address>
         <size>0x6c</size>
         <input_file_ref idref="fl-c"/>
      </object_component>
      <object_component id="oc-a7b">
         <name>.text:memp_init</name>
         <load_address>0x6ef8</load_address>
         <run_address>0x6ef8</run_address>
         <size>0x6c</size>
         <input_file_ref idref="fl-c"/>
      </object_component>
      <object_component id="oc-b78">
         <name>.text:IntEnable</name>
         <load_address>0x6f64</load_address>
         <run_address>0x6f64</run_address>
         <size>0x68</size>
         <input_file_ref idref="fl-17"/>
      </object_component>
      <object_component id="oc-7aa">
         <name>.text:TCPConnected</name>
         <load_address>0x6fcc</load_address>
         <run_address>0x6fcc</run_address>
         <size>0x68</size>
         <input_file_ref idref="fl-3"/>
      </object_component>
      <object_component id="oc-16">
         <name>.text:decompress:lzss:__TI_decompress_lzss</name>
         <load_address>0x7034</load_address>
         <run_address>0x7034</run_address>
         <size>0x68</size>
         <input_file_ref idref="fl-d6"/>
      </object_component>
      <object_component id="oc-a0d">
         <name>.text:dhcp_decline</name>
         <load_address>0x709c</load_address>
         <run_address>0x709c</run_address>
         <size>0x68</size>
         <input_file_ref idref="fl-c"/>
      </object_component>
      <object_component id="oc-9c9">
         <name>.text:lwip_standard_chksum</name>
         <load_address>0x7104</load_address>
         <run_address>0x7104</run_address>
         <size>0x68</size>
         <input_file_ref idref="fl-c"/>
      </object_component>
      <object_component id="oc-68d">
         <name>.text:netif_set_ipaddr</name>
         <load_address>0x716c</load_address>
         <run_address>0x716c</run_address>
         <size>0x68</size>
         <input_file_ref idref="fl-c"/>
      </object_component>
      <object_component id="oc-9e3">
         <name>.text:sys_timeout</name>
         <load_address>0x71d4</load_address>
         <run_address>0x71d4</run_address>
         <size>0x68</size>
         <input_file_ref idref="fl-c"/>
      </object_component>
      <object_component id="oc-7f5">
         <name>.text:tcp_output_alloc_header</name>
         <load_address>0x723c</load_address>
         <run_address>0x723c</run_address>
         <size>0x68</size>
         <input_file_ref idref="fl-c"/>
      </object_component>
      <object_component id="oc-590">
         <name>.text:tcp_process_refused_data</name>
         <load_address>0x72a4</load_address>
         <run_address>0x72a4</run_address>
         <size>0x68</size>
         <input_file_ref idref="fl-c"/>
      </object_component>
      <object_component id="oc-702">
         <name>.text:udp_bind</name>
         <load_address>0x730c</load_address>
         <run_address>0x730c</run_address>
         <size>0x68</size>
         <input_file_ref idref="fl-c"/>
      </object_component>
      <object_component id="oc-7fb">
         <name>.text:pbuf_copy_partial</name>
         <load_address>0x7374</load_address>
         <run_address>0x7374</run_address>
         <size>0x66</size>
         <input_file_ref idref="fl-c"/>
      </object_component>
      <object_component id="oc-782">
         <name>.text:CmdLineProcess</name>
         <load_address>0x73dc</load_address>
         <run_address>0x73dc</run_address>
         <size>0x64</size>
         <input_file_ref idref="fl-9"/>
      </object_component>
      <object_component id="oc-53b">
         <name>.text:MergeRequest</name>
         <load_address>0x7440</load_address>
         <run_address>0x7440</run_address>
         <size>0x64</size>
         <input_file_ref idref="fl-3"/>
      </object_component>
      <object_component id="oc-a81">
         <name>.text:dns_init</name>
         <load_address>0x74a4</load_address>
         <run_address>0x74a4</run_address>
         <size>0x64</size>
         <input_file_ref idref="fl-c"/>
      </object_component>
      <object_component id="oc-667">
         <name>.text:pbuf_header</name>
         <load_address>0x7508</load_address>
         <run_address>0x7508</run_address>
         <size>0x64</size>
         <input_file_ref idref="fl-c"/>
      </object_component>
      <object_component id="oc-aa9">
         <name>.text:Cmd_help</name>
         <load_address>0x756c</load_address>
         <run_address>0x756c</run_address>
         <size>0x60</size>
         <input_file_ref idref="fl-2"/>
      </object_component>
      <object_component id="oc-2de">
         <name>.text:UpdateMACAddr</name>
         <load_address>0x75cc</load_address>
         <run_address>0x75cc</run_address>
         <size>0x60</size>
         <input_file_ref idref="fl-6"/>
      </object_component>
      <object_component id="oc-302">
         <name>.text:WeatherForecast</name>
         <load_address>0x762c</load_address>
         <run_address>0x762c</run_address>
         <size>0x60</size>
         <input_file_ref idref="fl-3"/>
      </object_component>
      <object_component id="oc-677">
         <name>.text:memp_malloc</name>
         <load_address>0x768c</load_address>
         <run_address>0x768c</run_address>
         <size>0x60</size>
         <input_file_ref idref="fl-c"/>
      </object_component>
      <object_component id="oc-85c">
         <name>.text:plug_holes</name>
         <load_address>0x76ec</load_address>
         <run_address>0x76ec</run_address>
         <size>0x60</size>
         <input_file_ref idref="fl-c"/>
      </object_component>
      <object_component id="oc-a87">
         <name>.text:sys_timeouts_init</name>
         <load_address>0x774c</load_address>
         <run_address>0x774c</run_address>
         <size>0x60</size>
         <input_file_ref idref="fl-c"/>
      </object_component>
      <object_component id="oc-390">
         <name>.text:dns_gethostbyname</name>
         <load_address>0x77ac</load_address>
         <run_address>0x77ac</run_address>
         <size>0x5c</size>
         <input_file_ref idref="fl-c"/>
      </object_component>
      <object_component id="oc-5a5">
         <name>.text:tcp_keepalive</name>
         <load_address>0x7808</load_address>
         <run_address>0x7808</run_address>
         <size>0x5c</size>
         <input_file_ref idref="fl-c"/>
      </object_component>
      <object_component id="oc-847">
         <name>.text:tcp_pcb_remove</name>
         <load_address>0x7864</load_address>
         <run_address>0x7864</run_address>
         <size>0x5c</size>
         <input_file_ref idref="fl-c"/>
      </object_component>
      <object_component id="oc-5f8">
         <name>.text:tcp_send_empty_ack</name>
         <load_address>0x78c0</load_address>
         <run_address>0x78c0</run_address>
         <size>0x5c</size>
         <input_file_ref idref="fl-c"/>
      </object_component>
      <object_component id="oc-87f">
         <name>.text:pbuf_realloc</name>
         <load_address>0x791c</load_address>
         <run_address>0x791c</run_address>
         <size>0x5a</size>
         <input_file_ref idref="fl-c"/>
      </object_component>
      <object_component id="oc-76b">
         <name>.text:EMACPHYConfigSet</name>
         <load_address>0x7978</load_address>
         <run_address>0x7978</run_address>
         <size>0x58</size>
         <input_file_ref idref="fl-14"/>
      </object_component>
      <object_component id="oc-541">
         <name>.text:EthClientTCPConnect</name>
         <load_address>0x79d0</load_address>
         <run_address>0x79d0</run_address>
         <size>0x58</size>
         <input_file_ref idref="fl-3"/>
      </object_component>
      <object_component id="oc-2a8">
         <name>.text:FlashPBInit</name>
         <load_address>0x7a28</load_address>
         <run_address>0x7a28</run_address>
         <size>0x58</size>
         <input_file_ref idref="fl-a"/>
      </object_component>
      <object_component id="oc-2f6">
         <name>.text:WeatherCurrent</name>
         <load_address>0x7a80</load_address>
         <run_address>0x7a80</run_address>
         <size>0x58</size>
         <input_file_ref idref="fl-3"/>
      </object_component>
      <object_component id="oc-71b">
         <name>.text:autoip_create_addr</name>
         <load_address>0x7ad8</load_address>
         <run_address>0x7ad8</run_address>
         <size>0x58</size>
         <input_file_ref idref="fl-c"/>
      </object_component>
      <object_component id="oc-466">
         <name>.text:autoip_start</name>
         <load_address>0x7b30</load_address>
         <run_address>0x7b30</run_address>
         <size>0x58</size>
         <input_file_ref idref="fl-c"/>
      </object_component>
      <object_component id="oc-a75">
         <name>.text:mem_init</name>
         <load_address>0x7b88</load_address>
         <run_address>0x7b88</run_address>
         <size>0x58</size>
         <input_file_ref idref="fl-c"/>
      </object_component>
      <object_component id="oc-97e">
         <name>.text:tcp_new_port</name>
         <load_address>0x7be0</load_address>
         <run_address>0x7be0</run_address>
         <size>0x58</size>
         <input_file_ref idref="fl-c"/>
      </object_component>
      <object_component id="oc-afe">
         <name>.text:tcp_rexmit</name>
         <load_address>0x7c38</load_address>
         <run_address>0x7c38</run_address>
         <size>0x56</size>
         <input_file_ref idref="fl-c"/>
      </object_component>
      <object_component id="oc-501">
         <name>.text:UARTgets</name>
         <load_address>0x7c90</load_address>
         <run_address>0x7c90</run_address>
         <size>0x54</size>
         <input_file_ref idref="fl-d"/>
      </object_component>
      <object_component id="oc-5d9">
         <name>.text:tcp_pbuf_prealloc</name>
         <load_address>0x7ce4</load_address>
         <run_address>0x7ce4</run_address>
         <size>0x52</size>
         <input_file_ref idref="fl-c"/>
      </object_component>
      <object_component id="oc-1dc">
         <name>.text:tivaif_process_transmit</name>
         <load_address>0x7d36</load_address>
         <run_address>0x7d36</run_address>
         <size>0x52</size>
         <input_file_ref idref="fl-c"/>
      </object_component>
      <object_component id="oc-14f">
         <name>.text:EthClientDNSResolve</name>
         <load_address>0x7d88</load_address>
         <run_address>0x7d88</run_address>
         <size>0x50</size>
         <input_file_ref idref="fl-3"/>
      </object_component>
      <object_component id="oc-93b">
         <name>.text:SysCtlPeripheralReset</name>
         <load_address>0x7dd8</load_address>
         <run_address>0x7dd8</run_address>
         <size>0x50</size>
         <input_file_ref idref="fl-19"/>
      </object_component>
      <object_component id="oc-2ba">
         <name>.text:UpdateIPAddress</name>
         <load_address>0x7e28</load_address>
         <run_address>0x7e28</run_address>
         <size>0x50</size>
         <input_file_ref idref="fl-6"/>
      </object_component>
      <object_component id="oc-955">
         <name>.text:netif_add</name>
         <load_address>0x7e78</load_address>
         <run_address>0x7e78</run_address>
         <size>0x50</size>
         <input_file_ref idref="fl-c"/>
      </object_component>
      <object_component id="oc-5d3">
         <name>.text:tcp_write_checks</name>
         <load_address>0x7ec8</load_address>
         <run_address>0x7ec8</run_address>
         <size>0x50</size>
         <input_file_ref idref="fl-c"/>
      </object_component>
      <object_component id="oc-721">
         <name>.text:autoip_start_probing</name>
         <load_address>0x7f18</load_address>
         <run_address>0x7f18</run_address>
         <size>0x4e</size>
         <input_file_ref idref="fl-c"/>
      </object_component>
      <object_component id="oc-a3c">
         <name>.text:inet_chksum_pbuf</name>
         <load_address>0x7f66</load_address>
         <run_address>0x7f66</run_address>
         <size>0x4e</size>
         <input_file_ref idref="fl-c"/>
      </object_component>
      <object_component id="oc-400">
         <name>.text:pbuf_free</name>
         <load_address>0x7fb4</load_address>
         <run_address>0x7fb4</run_address>
         <size>0x4e</size>
         <input_file_ref idref="fl-c"/>
      </object_component>
      <object_component id="oc-ba3">
         <name>.text:ProxyEnable</name>
         <load_address>0x8004</load_address>
         <run_address>0x8004</run_address>
         <size>0x4c</size>
         <input_file_ref idref="fl-6"/>
      </object_component>
      <object_component id="oc-828">
         <name>.text:ip_route</name>
         <load_address>0x8050</load_address>
         <run_address>0x8050</run_address>
         <size>0x4c</size>
         <input_file_ref idref="fl-c"/>
      </object_component>
      <object_component id="oc-de">
         <name>.text:tivaif_interrupt</name>
         <load_address>0x809c</load_address>
         <run_address>0x809c</run_address>
         <size>0x4c</size>
         <input_file_ref idref="fl-c"/>
      </object_component>
      <object_component id="oc-708">
         <name>.text:udp_connect</name>
         <load_address>0x80e8</load_address>
         <run_address>0x80e8</run_address>
         <size>0x4c</size>
         <input_file_ref idref="fl-c"/>
      </object_component>
      <object_component id="oc-90b">
         <name>.text:udp_new_port</name>
         <load_address>0x8134</load_address>
         <run_address>0x8134</run_address>
         <size>0x4c</size>
         <input_file_ref idref="fl-c"/>
      </object_component>
      <object_component id="oc-482">
         <name>.text:_SysCtlFrequencyGet</name>
         <load_address>0x8180</load_address>
         <run_address>0x8180</run_address>
         <size>0x48</size>
         <input_file_ref idref="fl-19"/>
      </object_component>
      <object_component id="oc-b87">
         <name>.text:etharp_output_to_arp_index</name>
         <load_address>0x81c8</load_address>
         <run_address>0x81c8</run_address>
         <size>0x48</size>
         <input_file_ref idref="fl-c"/>
      </object_component>
      <object_component id="oc-807">
         <name>.text:ip_output</name>
         <load_address>0x8210</load_address>
         <run_address>0x8210</run_address>
         <size>0x48</size>
         <input_file_ref idref="fl-c"/>
      </object_component>
      <object_component id="oc-ac5">
         <name>.text:tcp_kill_prio</name>
         <load_address>0x8258</load_address>
         <run_address>0x8258</run_address>
         <size>0x48</size>
         <input_file_ref idref="fl-c"/>
      </object_component>
      <object_component id="oc-bd5">
         <name>.text:tcp_rexmit_fast</name>
         <load_address>0x82a0</load_address>
         <run_address>0x82a0</run_address>
         <size>0x48</size>
         <input_file_ref idref="fl-c"/>
      </object_component>
      <object_component id="oc-b8e">
         <name>.text:tivaif_check_pbuf</name>
         <load_address>0x82e8</load_address>
         <run_address>0x82e8</run_address>
         <size>0x48</size>
         <input_file_ref idref="fl-c"/>
      </object_component>
      <object_component id="oc-841">
         <name>.text:tcp_send_fin</name>
         <load_address>0x8330</load_address>
         <run_address>0x8330</run_address>
         <size>0x46</size>
         <input_file_ref idref="fl-c"/>
      </object_component>
      <object_component id="oc-143">
         <name>.text:EthClientDHCPConnect</name>
         <load_address>0x8378</load_address>
         <run_address>0x8378</run_address>
         <size>0x44</size>
         <input_file_ref idref="fl-3"/>
      </object_component>
      <object_component id="oc-4fb">
         <name>.text:UARTPeek</name>
         <load_address>0x83bc</load_address>
         <run_address>0x83bc</run_address>
         <size>0x44</size>
         <input_file_ref idref="fl-d"/>
      </object_component>
      <object_component id="oc-330">
         <name>.text:__TI_auto_init_nobinit_nopinit:__TI_auto_init_nobinit_nopinit</name>
         <load_address>0x8400</load_address>
         <run_address>0x8400</run_address>
         <size>0x44</size>
         <input_file_ref idref="fl-dc"/>
      </object_component>
      <object_component id="oc-632">
         <name>.text:dhcp_network_changed</name>
         <load_address>0x8444</load_address>
         <run_address>0x8444</run_address>
         <size>0x42</size>
         <input_file_ref idref="fl-c"/>
      </object_component>
      <object_component id="oc-8e8">
         <name>.text:dhcp_option_long</name>
         <load_address>0x8486</load_address>
         <run_address>0x8486</run_address>
         <size>0x42</size>
         <input_file_ref idref="fl-c"/>
      </object_component>
      <object_component id="oc-5b1">
         <name>.text:tcp_pcb_purge</name>
         <load_address>0x84c8</load_address>
         <run_address>0x84c8</run_address>
         <size>0x42</size>
         <input_file_ref idref="fl-c"/>
      </object_component>
      <object_component id="oc-c3b">
         <name>.text:CompareString</name>
         <load_address>0x850a</load_address>
         <run_address>0x850a</run_address>
         <size>0x40</size>
         <input_file_ref idref="fl-5"/>
      </object_component>
      <object_component id="oc-30e">
         <name>.text:EnetEvents</name>
         <load_address>0x854c</load_address>
         <run_address>0x854c</run_address>
         <size>0x40</size>
         <input_file_ref idref="fl-6"/>
      </object_component>
      <object_component id="oc-1f1">
         <name>.text:etharp_tmr</name>
         <load_address>0x858c</load_address>
         <run_address>0x858c</run_address>
         <size>0x40</size>
         <input_file_ref idref="fl-c"/>
      </object_component>
      <object_component id="oc-7b5">
         <name>.text</name>
         <load_address>0x85cc</load_address>
         <run_address>0x85cc</run_address>
         <size>0x40</size>
         <input_file_ref idref="fl-d3"/>
      </object_component>
      <object_component id="oc-3ed">
         <name>.text:netif_set_link_up</name>
         <load_address>0x860c</load_address>
         <run_address>0x860c</run_address>
         <size>0x3e</size>
         <input_file_ref idref="fl-c"/>
      </object_component>
      <object_component id="oc-4a6">
         <name>.text:UARTFlushTx</name>
         <load_address>0x864c</load_address>
         <run_address>0x864c</run_address>
         <size>0x3c</size>
         <input_file_ref idref="fl-d"/>
      </object_component>
      <object_component id="oc-1fd">
         <name>.text:dhcp_coarse_tmr</name>
         <load_address>0x8688</load_address>
         <run_address>0x8688</run_address>
         <size>0x3c</size>
         <input_file_ref idref="fl-c"/>
      </object_component>
      <object_component id="oc-bf1">
         <name>.text:dns_compare_name</name>
         <load_address>0x86c4</load_address>
         <run_address>0x86c4</run_address>
         <size>0x3c</size>
         <input_file_ref idref="fl-c"/>
      </object_component>
      <object_component id="oc-5bd">
         <name>.text:memp_free</name>
         <load_address>0x8700</load_address>
         <run_address>0x8700</run_address>
         <size>0x3c</size>
         <input_file_ref idref="fl-c"/>
      </object_component>
      <object_component id="oc-b72">
         <name>.text:EMACIntEnable</name>
         <load_address>0x873c</load_address>
         <run_address>0x873c</run_address>
         <size>0x3a</size>
         <input_file_ref idref="fl-14"/>
      </object_component>
      <object_component id="oc-3f9">
         <name>.text:EMACConfigSet</name>
         <load_address>0x8778</load_address>
         <run_address>0x8778</run_address>
         <size>0x38</size>
         <input_file_ref idref="fl-14"/>
      </object_component>
      <object_component id="oc-155">
         <name>.text:EthClientReset</name>
         <load_address>0x87b0</load_address>
         <run_address>0x87b0</run_address>
         <size>0x38</size>
         <input_file_ref idref="fl-3"/>
      </object_component>
      <object_component id="oc-941">
         <name>.text:SysCtlPeripheralReady</name>
         <load_address>0x87e8</load_address>
         <run_address>0x87e8</run_address>
         <size>0x38</size>
         <input_file_ref idref="fl-19"/>
      </object_component>
      <object_component id="oc-203">
         <name>.text:dhcp_fine_tmr</name>
         <load_address>0x8820</load_address>
         <run_address>0x8820</run_address>
         <size>0x38</size>
         <input_file_ref idref="fl-c"/>
      </object_component>
      <object_component id="oc-920">
         <name>.text:dhcp_handle_nak</name>
         <load_address>0x8858</load_address>
         <run_address>0x8858</run_address>
         <size>0x38</size>
         <input_file_ref idref="fl-c"/>
      </object_component>
      <object_component id="oc-454">
         <name>.text:dhcp_stop</name>
         <load_address>0x8890</load_address>
         <run_address>0x8890</run_address>
         <size>0x38</size>
         <input_file_ref idref="fl-c"/>
      </object_component>
      <object_component id="oc-618">
         <name>.text:dns_lookup</name>
         <load_address>0x88c8</load_address>
         <run_address>0x88c8</run_address>
         <size>0x38</size>
         <input_file_ref idref="fl-c"/>
      </object_component>
      <object_component id="oc-9e9">
         <name>.text:tcpip_tcp_timer</name>
         <load_address>0x8900</load_address>
         <run_address>0x8900</run_address>
         <size>0x38</size>
         <input_file_ref idref="fl-c"/>
      </object_component>
      <object_component id="oc-9b5">
         <name>.text:udp_sendto</name>
         <load_address>0x8938</load_address>
         <run_address>0x8938</run_address>
         <size>0x38</size>
         <input_file_ref idref="fl-c"/>
      </object_component>
      <object_component id="oc-bcc">
         <name>.text:ustrncmp</name>
         <load_address>0x8970</load_address>
         <run_address>0x8970</run_address>
         <size>0x36</size>
         <input_file_ref idref="fl-e"/>
      </object_component>
      <object_component id="oc-3f3">
         <name>.text:EMACConfigGet</name>
         <load_address>0x89a8</load_address>
         <run_address>0x89a8</run_address>
         <size>0x34</size>
         <input_file_ref idref="fl-14"/>
      </object_component>
      <object_component id="oc-b60">
         <name>.text:EMACIntClear</name>
         <load_address>0x89dc</load_address>
         <run_address>0x89dc</run_address>
         <size>0x34</size>
         <input_file_ref idref="fl-14"/>
      </object_component>
      <object_component id="oc-149">
         <name>.text:EthClientSend</name>
         <load_address>0x8a10</load_address>
         <run_address>0x8a10</run_address>
         <size>0x34</size>
         <input_file_ref idref="fl-3"/>
      </object_component>
      <object_component id="oc-7e">
         <name>.text:_c_int00_noargs:_c_int00_noargs</name>
         <load_address>0x8a44</load_address>
         <run_address>0x8a44</run_address>
         <size>0x34</size>
         <input_file_ref idref="fl-da"/>
      </object_component>
      <object_component id="oc-432">
         <name>.text:autoip_arp_probe</name>
         <load_address>0x8a78</load_address>
         <run_address>0x8a78</run_address>
         <size>0x34</size>
         <input_file_ref idref="fl-c"/>
      </object_component>
      <object_component id="oc-abf">
         <name>.text:tcp_kill_timewait</name>
         <load_address>0x8aac</load_address>
         <run_address>0x8aac</run_address>
         <size>0x34</size>
         <input_file_ref idref="fl-c"/>
      </object_component>
      <object_component id="oc-84d">
         <name>.text:tcp_timer_needed</name>
         <load_address>0x8ae0</load_address>
         <run_address>0x8ae0</run_address>
         <size>0x34</size>
         <input_file_ref idref="fl-c"/>
      </object_component>
      <object_component id="oc-961">
         <name>.text:tivaif_init</name>
         <load_address>0x8b14</load_address>
         <run_address>0x8b14</run_address>
         <size>0x34</size>
         <input_file_ref idref="fl-c"/>
      </object_component>
      <object_component id="oc-885">
         <name>.text:ip4_addr_isbroadcast</name>
         <load_address>0x8b48</load_address>
         <run_address>0x8b48</run_address>
         <size>0x32</size>
         <input_file_ref idref="fl-c"/>
      </object_component>
      <object_component id="oc-9c0">
         <name>.text:tcp_recved</name>
         <load_address>0x8b7a</load_address>
         <run_address>0x8b7a</run_address>
         <size>0x32</size>
         <input_file_ref idref="fl-c"/>
      </object_component>
      <object_component id="oc-396">
         <name>.text:DNSServerFound</name>
         <load_address>0x8bac</load_address>
         <run_address>0x8bac</run_address>
         <size>0x30</size>
         <input_file_ref idref="fl-3"/>
      </object_component>
      <object_component id="oc-4b7">
         <name>.text:FlashPBIsValid</name>
         <load_address>0x8bdc</load_address>
         <run_address>0x8bdc</run_address>
         <size>0x30</size>
         <input_file_ref idref="fl-a"/>
      </object_component>
      <object_component id="oc-8d1">
         <name>.text:dhcp_option_trailer</name>
         <load_address>0x8c0c</load_address>
         <run_address>0x8c0c</run_address>
         <size>0x30</size>
         <input_file_ref idref="fl-c"/>
      </object_component>
      <object_component id="oc-adc">
         <name>.text:tcp_update_rcv_ann_wnd</name>
         <load_address>0x8c3c</load_address>
         <run_address>0x8c3c</run_address>
         <size>0x30</size>
         <input_file_ref idref="fl-c"/>
      </object_component>
      <object_component id="oc-6e8">
         <name>.text:udp_remove</name>
         <load_address>0x8c6c</load_address>
         <run_address>0x8c6c</run_address>
         <size>0x30</size>
         <input_file_ref idref="fl-c"/>
      </object_component>
      <object_component id="oc-599">
         <name>.text:tcp_rexmit_rto</name>
         <load_address>0x8c9c</load_address>
         <run_address>0x8c9c</run_address>
         <size>0x2e</size>
         <input_file_ref idref="fl-c"/>
      </object_component>
      <object_component id="oc-507">
         <name>.text:PrintIPAddress</name>
         <load_address>0x8ccc</load_address>
         <run_address>0x8ccc</run_address>
         <size>0x2d</size>
         <input_file_ref idref="fl-6"/>
      </object_component>
      <object_component id="oc-cc">
         <name>.text:EMACIntStatus</name>
         <load_address>0x8cfa</load_address>
         <run_address>0x8cfa</run_address>
         <size>0x2c</size>
         <input_file_ref idref="fl-14"/>
      </object_component>
      <object_component id="oc-740">
         <name>.text:GPIODirModeSet</name>
         <load_address>0x8d26</load_address>
         <run_address>0x8d26</run_address>
         <size>0x2c</size>
         <input_file_ref idref="fl-16"/>
      </object_component>
      <object_component id="oc-4a0">
         <name>.text:UARTFlushRx</name>
         <load_address>0x8d54</load_address>
         <run_address>0x8d54</run_address>
         <size>0x2c</size>
         <input_file_ref idref="fl-d"/>
      </object_component>
      <object_component id="oc-42c">
         <name>.text:autoip_arp_announce</name>
         <load_address>0x8d80</load_address>
         <run_address>0x8d80</run_address>
         <size>0x2c</size>
         <input_file_ref idref="fl-c"/>
      </object_component>
      <object_component id="oc-91a">
         <name>.text:dhcp_handle_offer</name>
         <load_address>0x8dac</load_address>
         <run_address>0x8dac</run_address>
         <size>0x2c</size>
         <input_file_ref idref="fl-c"/>
      </object_component>
      <object_component id="oc-63e">
         <name>.text:etharp_request</name>
         <load_address>0x8dd8</load_address>
         <run_address>0x8dd8</run_address>
         <size>0x2c</size>
         <input_file_ref idref="fl-c"/>
      </object_component>
      <object_component id="oc-426">
         <name>.text:autoip_bind</name>
         <load_address>0x8e04</load_address>
         <run_address>0x8e04</run_address>
         <size>0x2a</size>
         <input_file_ref idref="fl-c"/>
      </object_component>
      <object_component id="oc-407">
         <name>.text:pbuf_cat</name>
         <load_address>0x8e2e</load_address>
         <run_address>0x8e2e</run_address>
         <size>0x2a</size>
         <input_file_ref idref="fl-c"/>
      </object_component>
      <object_component id="oc-4c3">
         <name>.text:ustrncpy</name>
         <load_address>0x8e58</load_address>
         <run_address>0x8e58</run_address>
         <size>0x2a</size>
         <input_file_ref idref="fl-e"/>
      </object_component>
      <object_component id="oc-903">
         <name>.text:etharp_cleanup_netif</name>
         <load_address>0x8e84</load_address>
         <run_address>0x8e84</run_address>
         <size>0x28</size>
         <input_file_ref idref="fl-c"/>
      </object_component>
      <object_component id="oc-bb4">
         <name>.text:volcar_inf</name>
         <load_address>0x8eac</load_address>
         <run_address>0x8eac</run_address>
         <size>0x28</size>
         <input_file_ref idref="fl-5"/>
      </object_component>
      <object_component id="oc-3e1">
         <name>.text:EMACPHYRead</name>
         <load_address>0x8ed4</load_address>
         <run_address>0x8ed4</run_address>
         <size>0x26</size>
         <input_file_ref idref="fl-14"/>
      </object_component>
      <object_component id="oc-b54">
         <name>.text:EMACPHYWrite</name>
         <load_address>0x8efa</load_address>
         <run_address>0x8efa</run_address>
         <size>0x26</size>
         <input_file_ref idref="fl-14"/>
      </object_component>
      <object_component id="oc-6ce">
         <name>.text:dhcp_check</name>
         <load_address>0x8f20</load_address>
         <run_address>0x8f20</run_address>
         <size>0x26</size>
         <input_file_ref idref="fl-c"/>
      </object_component>
      <object_component id="oc-7ed">
         <name>.text:tcp_recv_null</name>
         <load_address>0x8f46</load_address>
         <run_address>0x8f46</run_address>
         <size>0x26</size>
         <input_file_ref idref="fl-c"/>
      </object_component>
      <object_component id="oc-2cc">
         <name>.text:IntPrioritySet</name>
         <load_address>0x8f6c</load_address>
         <run_address>0x8f6c</run_address>
         <size>0x24</size>
         <input_file_ref idref="fl-17"/>
      </object_component>
      <object_component id="oc-bf7">
         <name>.text:dns_parse_name</name>
         <load_address>0x8f90</load_address>
         <run_address>0x8f90</run_address>
         <size>0x24</size>
         <input_file_ref idref="fl-c"/>
      </object_component>
      <object_component id="oc-a6b">
         <name>.text:dns_setserver</name>
         <load_address>0x8fb4</load_address>
         <run_address>0x8fb4</run_address>
         <size>0x24</size>
         <input_file_ref idref="fl-c"/>
      </object_component>
      <object_component id="oc-41c">
         <name>.text:etharp_free_entry</name>
         <load_address>0x8fd8</load_address>
         <run_address>0x8fd8</run_address>
         <size>0x24</size>
         <input_file_ref idref="fl-c"/>
      </object_component>
      <object_component id="oc-37b">
         <name>.text:lwIPNetworkConfigChange</name>
         <load_address>0x8ffc</load_address>
         <run_address>0x8ffc</run_address>
         <size>0x24</size>
         <input_file_ref idref="fl-c"/>
      </object_component>
      <object_component id="oc-65b">
         <name>.text:memcmp</name>
         <load_address>0x9020</load_address>
         <run_address>0x9020</run_address>
         <size>0x24</size>
         <input_file_ref idref="fl-d7"/>
      </object_component>
      <object_component id="oc-69f">
         <name>.text:netif_set_up</name>
         <load_address>0x9044</load_address>
         <run_address>0x9044</run_address>
         <size>0x24</size>
         <input_file_ref idref="fl-c"/>
      </object_component>
      <object_component id="oc-bdb">
         <name>.text:tcp_seg_copy</name>
         <load_address>0x9068</load_address>
         <run_address>0x9068</run_address>
         <size>0x24</size>
         <input_file_ref idref="fl-c"/>
      </object_component>
      <object_component id="oc-8cb">
         <name>.text:dhcp_option_short</name>
         <load_address>0x908c</load_address>
         <run_address>0x908c</run_address>
         <size>0x22</size>
         <input_file_ref idref="fl-c"/>
      </object_component>
      <object_component id="oc-c2f">
         <name>.text:BufPtrInc</name>
         <load_address>0x90ae</load_address>
         <run_address>0x90ae</run_address>
         <size>0x20</size>
         <input_file_ref idref="fl-5"/>
      </object_component>
      <object_component id="oc-2c6">
         <name>.text:IntPriorityGroupingSet</name>
         <load_address>0x90d0</load_address>
         <run_address>0x90d0</run_address>
         <size>0x20</size>
         <input_file_ref idref="fl-17"/>
      </object_component>
      <object_component id="oc-47c">
         <name>.text:_SysCtlMemTimingGet</name>
         <load_address>0x90f0</load_address>
         <run_address>0x90f0</run_address>
         <size>0x20</size>
         <input_file_ref idref="fl-19"/>
      </object_component>
      <object_component id="oc-9f3">
         <name>.text:autoip_handle_arp_conflict</name>
         <load_address>0x9110</load_address>
         <run_address>0x9110</run_address>
         <size>0x20</size>
         <input_file_ref idref="fl-c"/>
      </object_component>
      <object_component id="oc-8c5">
         <name>.text:dhcp_option</name>
         <load_address>0x9130</load_address>
         <run_address>0x9130</run_address>
         <size>0x20</size>
         <input_file_ref idref="fl-c"/>
      </object_component>
      <object_component id="oc-a06">
         <name>.text:etharp_send_ip</name>
         <load_address>0x9150</load_address>
         <run_address>0x9150</run_address>
         <size>0x20</size>
         <input_file_ref idref="fl-c"/>
      </object_component>
      <object_component id="oc-12b">
         <name>.text:lwIPTimer</name>
         <load_address>0x9170</load_address>
         <run_address>0x9170</run_address>
         <size>0x20</size>
         <input_file_ref idref="fl-c"/>
      </object_component>
      <object_component id="oc-822">
         <name>.text:tcp_eff_send_mss</name>
         <load_address>0x9190</load_address>
         <run_address>0x9190</run_address>
         <size>0x20</size>
         <input_file_ref idref="fl-c"/>
      </object_component>
      <object_component id="oc-137">
         <name>.text:tcp_tmr</name>
         <load_address>0x91b0</load_address>
         <run_address>0x91b0</run_address>
         <size>0x20</size>
         <input_file_ref idref="fl-c"/>
      </object_component>
      <object_component id="oc-4ce">
         <name>.text:usprintf</name>
         <load_address>0x91d0</load_address>
         <run_address>0x91d0</run_address>
         <size>0x20</size>
         <input_file_ref idref="fl-e"/>
      </object_component>
      <object_component id="oc-b48">
         <name>.text:EMACAddrGet</name>
         <load_address>0x91f0</load_address>
         <run_address>0x91f0</run_address>
         <size>0x1e</size>
         <input_file_ref idref="fl-14"/>
      </object_component>
      <object_component id="oc-6f5">
         <name>.text:netif_set_down</name>
         <load_address>0x920e</load_address>
         <run_address>0x920e</run_address>
         <size>0x1e</size>
         <input_file_ref idref="fl-c"/>
      </object_component>
      <object_component id="oc-4f3">
         <name>.text:EthClientMACAddrGet</name>
         <load_address>0x922c</load_address>
         <run_address>0x922c</run_address>
         <size>0x1c</size>
         <input_file_ref idref="fl-3"/>
      </object_component>
      <object_component id="oc-40">
         <name>.text:SysTickIntHandler</name>
         <load_address>0x9248</load_address>
         <run_address>0x9248</run_address>
         <size>0x1c</size>
         <input_file_ref idref="fl-6"/>
      </object_component>
      <object_component id="oc-13d">
         <name>.text:lwIPLocalIPAddrGet</name>
         <load_address>0x9264</load_address>
         <run_address>0x9264</run_address>
         <size>0x1c</size>
         <input_file_ref idref="fl-c"/>
      </object_component>
      <object_component id="oc-44e">
         <name>.text:netif_set_addr</name>
         <load_address>0x9280</load_address>
         <run_address>0x9280</run_address>
         <size>0x1c</size>
         <input_file_ref idref="fl-c"/>
      </object_component>
      <object_component id="oc-6fc">
         <name>.text:udp_new</name>
         <load_address>0x929c</load_address>
         <run_address>0x929c</run_address>
         <size>0x1c</size>
         <input_file_ref idref="fl-c"/>
      </object_component>
      <object_component id="oc-2fc">
         <name>.text:UARTprintf</name>
         <load_address>0x92b8</load_address>
         <run_address>0x92b8</run_address>
         <size>0x1a</size>
         <input_file_ref idref="fl-d"/>
      </object_component>
      <object_component id="oc-638">
         <name>.text:autoip_network_changed</name>
         <load_address>0x92d2</load_address>
         <run_address>0x92d2</run_address>
         <size>0x1a</size>
         <input_file_ref idref="fl-c"/>
      </object_component>
      <object_component id="oc-871">
         <name>.text:dhcp_arp_reply</name>
         <load_address>0x92ec</load_address>
         <run_address>0x92ec</run_address>
         <size>0x1a</size>
         <input_file_ref idref="fl-c"/>
      </object_component>
      <object_component id="oc-5f2">
         <name>.text:lwip_htonl</name>
         <load_address>0x9306</load_address>
         <run_address>0x9306</run_address>
         <size>0x1a</size>
         <input_file_ref idref="fl-c"/>
      </object_component>
      <object_component id="oc-2ea">
         <name>.text:EthClientTCPDisconnect</name>
         <load_address>0x9320</load_address>
         <run_address>0x9320</run_address>
         <size>0x18</size>
         <input_file_ref idref="fl-3"/>
      </object_component>
      <object_component id="oc-b2">
         <name>.text:IsBufferFull</name>
         <load_address>0x9338</load_address>
         <run_address>0x9338</run_address>
         <size>0x18</size>
         <input_file_ref idref="fl-d"/>
      </object_component>
      <object_component id="oc-b29">
         <name>.text:arp_timer</name>
         <load_address>0x9350</load_address>
         <run_address>0x9350</run_address>
         <size>0x18</size>
         <input_file_ref idref="fl-c"/>
      </object_component>
      <object_component id="oc-b3b">
         <name>.text:autoip_timer</name>
         <load_address>0x9368</load_address>
         <run_address>0x9368</run_address>
         <size>0x18</size>
         <input_file_ref idref="fl-c"/>
      </object_component>
      <object_component id="oc-b2f">
         <name>.text:dhcp_timer_coarse</name>
         <load_address>0x9380</load_address>
         <run_address>0x9380</run_address>
         <size>0x18</size>
         <input_file_ref idref="fl-c"/>
      </object_component>
      <object_component id="oc-b35">
         <name>.text:dhcp_timer_fine</name>
         <load_address>0x9398</load_address>
         <run_address>0x9398</run_address>
         <size>0x18</size>
         <input_file_ref idref="fl-c"/>
      </object_component>
      <object_component id="oc-b41">
         <name>.text:dns_timer</name>
         <load_address>0x93b0</load_address>
         <run_address>0x93b0</run_address>
         <size>0x18</size>
         <input_file_ref idref="fl-c"/>
      </object_component>
      <object_component id="oc-67d">
         <name>.text:pbuf_pool_is_empty</name>
         <load_address>0x93c8</load_address>
         <run_address>0x93c8</run_address>
         <size>0x18</size>
         <input_file_ref idref="fl-c"/>
      </object_component>
      <object_component id="oc-839">
         <name>.text:strcmp</name>
         <load_address>0x93e0</load_address>
         <run_address>0x93e0</run_address>
         <size>0x18</size>
         <input_file_ref idref="fl-d8"/>
      </object_component>
      <object_component id="oc-984">
         <name>.text:tcp_next_iss</name>
         <load_address>0x93f8</load_address>
         <run_address>0x93f8</run_address>
         <size>0x18</size>
         <input_file_ref idref="fl-c"/>
      </object_component>
      <object_component id="oc-604">
         <name>.text:tcp_seg_free</name>
         <load_address>0x9410</load_address>
         <run_address>0x9410</run_address>
         <size>0x18</size>
         <input_file_ref idref="fl-c"/>
      </object_component>
      <object_component id="oc-948">
         <name>.text:EMACReset</name>
         <load_address>0x9428</load_address>
         <run_address>0x9428</run_address>
         <size>0x16</size>
         <input_file_ref idref="fl-14"/>
      </object_component>
      <object_component id="oc-b6c">
         <name>.text:EMACRxEnable</name>
         <load_address>0x943e</load_address>
         <run_address>0x943e</run_address>
         <size>0x16</size>
         <input_file_ref idref="fl-14"/>
      </object_component>
      <object_component id="oc-b66">
         <name>.text:EMACTxEnable</name>
         <load_address>0x9454</load_address>
         <run_address>0x9454</run_address>
         <size>0x16</size>
         <input_file_ref idref="fl-14"/>
      </object_component>
      <object_component id="oc-498">
         <name>.text:GPIOPinTypeEthernetLED</name>
         <load_address>0x946a</load_address>
         <run_address>0x946a</run_address>
         <size>0x16</size>
         <input_file_ref idref="fl-16"/>
      </object_component>
      <object_component id="oc-8dd">
         <name>.text:dhcp_delete_msg</name>
         <load_address>0x9480</load_address>
         <run_address>0x9480</run_address>
         <size>0x16</size>
         <input_file_ref idref="fl-c"/>
      </object_component>
      <object_component id="oc-43a">
         <name>.text:dhcp_t1_timeout</name>
         <load_address>0x9496</load_address>
         <run_address>0x9496</run_address>
         <size>0x16</size>
         <input_file_ref idref="fl-c"/>
      </object_component>
      <object_component id="oc-440">
         <name>.text:dhcp_t2_timeout</name>
         <load_address>0x94ac</load_address>
         <run_address>0x94ac</run_address>
         <size>0x16</size>
         <input_file_ref idref="fl-c"/>
      </object_component>
      <object_component id="oc-a5e">
         <name>.text:pbuf_ref</name>
         <load_address>0x94c2</load_address>
         <run_address>0x94c2</run_address>
         <size>0x16</size>
         <input_file_ref idref="fl-c"/>
      </object_component>
      <object_component id="oc-4e6">
         <name>.text:FlashUserGet</name>
         <load_address>0x94d8</load_address>
         <run_address>0x94d8</run_address>
         <size>0x14</size>
         <input_file_ref idref="fl-15"/>
      </object_component>
[...]
         <object_component_ref idref="oc-984"/>
      </symbol>
      <symbol id="sm-12f7">
         <name>tcp_zero_window_probe</name>
         <value>0x5ba9</value>
         <object_component_ref idref="oc-59f"/>
      </symbol>
      <symbol id="sm-12f8">
         <name>pbuf_copy_partial</name>
         <value>0x7375</value>
         <object_component_ref idref="oc-7fb"/>
      </symbol>
      <symbol id="sm-12f9">
         <name>pbuf_alloc</name>
         <value>0x3b59</value>
         <object_component_ref idref="oc-413"/>
      </symbol>
      <symbol id="sm-12fa">
         <name>icmp_input</name>
         <value>0x303d</value>
         <object_component_ref idref="oc-8a3"/>
      </symbol>
      <symbol id="sm-12fb">
         <name>netif_set_gw</name>
         <value>0x9725</value>
         <object_component_ref idref="oc-699"/>
      </symbol>
      <symbol id="sm-12fc">
         <name>inet_chksum_pbuf</name>
         <value>0x7f67</value>
         <object_component_ref idref="oc-a3c"/>
      </symbol>
      <symbol id="sm-12fd">
         <name>ip_output</name>
         <value>0x8211</value>
         <object_component_ref idref="oc-807"/>
      </symbol>
      <symbol id="sm-12fe">
         <name>autoip_network_changed</name>
         <value>0x92d3</value>
         <object_component_ref idref="oc-638"/>
      </symbol>
      <symbol id="sm-12ff">
         <name>pbuf_copy</name>
         <value>0x6299</value>
         <object_component_ref idref="oc-a42"/>
      </symbol>
      <symbol id="sm-1300">
         <name>tcp_segs_free</name>
         <value>0x96a5</value>
         <object_component_ref idref="oc-5ab"/>
      </symbol>
      <symbol id="sm-1301">
         <name>ipaddr_aton</name>
         <value>0x4239</value>
         <object_component_ref idref="oc-832"/>
      </symbol>
      <symbol id="sm-1302">
         <name>tcp_close</name>
         <value>0x9565</value>
         <object_component_ref idref="oc-3af"/>
      </symbol>
      <symbol id="sm-1303">
         <name>tivaif_interrupt</name>
         <value>0x809d</value>
         <object_component_ref idref="oc-de"/>
      </symbol>
      <symbol id="sm-1304">
         <name>ethzero</name>
         <value>0x9fcc</value>
         <object_component_ref idref="oc-6ac"/>
      </symbol>
      <symbol id="sm-1305">
         <name>lwIPTimer</name>
         <value>0x9171</value>
         <object_component_ref idref="oc-12b"/>
      </symbol>
      <symbol id="sm-1306">
         <name>tcp_update_rcv_ann_wnd</name>
         <value>0x8c3d</value>
         <object_component_ref idref="oc-adc"/>
      </symbol>
      <symbol id="sm-1307">
         <name>tcp_new</name>
         <value>0x97a5</value>
         <object_component_ref idref="oc-79e"/>
      </symbol>
      <symbol id="sm-1308">
         <name>ethbroadcast</name>
         <value>0x9fc6</value>
         <object_component_ref idref="oc-673"/>
      </symbol>
      <symbol id="sm-1309">
         <name>lwip_init</name>
         <value>0x9529</value>
         <object_component_ref idref="oc-94f"/>
      </symbol>
      <symbol id="sm-130a">
         <name>inet_chksum_pseudo</name>
         <value>0x5f8d</value>
         <object_component_ref idref="oc-801"/>
      </symbol>
      <symbol id="sm-130b">
         <name>lwIPEthernetIntHandler</name>
         <value>0x6771</value>
         <object_component_ref idref="oc-4c"/>
      </symbol>
      <symbol id="sm-130c">
         <name>tcp_sent</name>
         <value>0x97c3</value>
         <object_component_ref idref="oc-39d"/>
      </symbol>
      <symbol id="sm-130d">
         <name>tcp_tmr</name>
         <value>0x91b1</value>
         <object_component_ref idref="oc-137"/>
      </symbol>
      <symbol id="sm-130e">
         <name>autoip_tmr</name>
         <value>0x4d91</value>
         <object_component_ref idref="oc-1f7"/>
      </symbol>
      <symbol id="sm-130f">
         <name>tcp_eff_send_mss</name>
         <value>0x9191</value>
         <object_component_ref idref="oc-822"/>
      </symbol>
      <symbol id="sm-1310">
         <name>tcp_process_refused_data</name>
         <value>0x72a5</value>
         <object_component_ref idref="oc-590"/>
      </symbol>
      <symbol id="sm-1311">
         <name>udp_remove</name>
         <value>0x8c6d</value>
         <object_component_ref idref="oc-6e8"/>
      </symbol>
      <symbol id="sm-1312">
         <name>udp_connect</name>
         <value>0x80e9</value>
         <object_component_ref idref="oc-708"/>
      </symbol>
      <symbol id="sm-1313">
         <name>dhcp_arp_reply</name>
         <value>0x92ed</value>
         <object_component_ref idref="oc-871"/>
      </symbol>
      <symbol id="sm-1314">
         <name>netif_add</name>
         <value>0x7e79</value>
         <object_component_ref idref="oc-955"/>
      </symbol>
      <symbol id="sm-1315">
         <name>tcp_seg_copy</name>
         <value>0x9069</value>
         <object_component_ref idref="oc-bdb"/>
      </symbol>
      <symbol id="sm-1316">
         <name>netif_set_default</name>
         <value>0x9719</value>
         <object_component_ref idref="oc-95b"/>
      </symbol>
      <symbol id="sm-1317">
         <name>sys_now</name>
         <value>0x973d</value>
         <object_component_ref idref="oc-b23"/>
      </symbol>
      <symbol id="sm-1318">
         <name>ip_route</name>
         <value>0x8051</value>
         <object_component_ref idref="oc-828"/>
      </symbol>
      <symbol id="sm-1319">
         <name>tcp_pcb_remove</name>
         <value>0x7865</value>
         <object_component_ref idref="oc-847"/>
      </symbol>
      <symbol id="sm-131a">
         <name>g_RxDescList</name>
         <value>0x2000d88c</value>
         <object_component_ref idref="oc-b82"/>
      </symbol>
      <symbol id="sm-131b">
         <name>g_TxDescList</name>
         <value>0x2000d89c</value>
         <object_component_ref idref="oc-b7f"/>
      </symbol>
      <symbol id="sm-131c">
         <name>sys_timeout</name>
         <value>0x71d5</value>
         <object_component_ref idref="oc-9e3"/>
      </symbol>
      <symbol id="sm-131d">
         <name>etharp_tmr</name>
         <value>0x858d</value>
         <object_component_ref idref="oc-1f1"/>
      </symbol>
      <symbol id="sm-131e">
         <name>tcp_abort</name>
         <value>0x9799</value>
         <object_component_ref idref="oc-8b4"/>
      </symbol>
      <symbol id="sm-131f">
         <name>mem_trim</name>
         <value>0x4451</value>
         <object_component_ref idref="oc-a15"/>
      </symbol>
      <symbol id="sm-1320">
         <name>dhcp_renew</name>
         <value>0x66f1</value>
         <object_component_ref idref="oc-6b4"/>
      </symbol>
      <symbol id="sm-1436">
         <name>UARTFlushRx</name>
         <value>0x8d55</value>
         <object_component_ref idref="oc-4a0"/>
      </symbol>
      <symbol id="sm-1437">
         <name>UARTgets</name>
         <value>0x7c91</value>
         <object_component_ref idref="oc-501"/>
      </symbol>
      <symbol id="sm-1438">
         <name>UARTFlushTx</name>
         <value>0x864d</value>
         <object_component_ref idref="oc-4a6"/>
      </symbol>
      <symbol id="sm-1439">
         <name>UARTStdioConfig</name>
         <value>0x5799</value>
         <object_component_ref idref="oc-290"/>
      </symbol>
      <symbol id="sm-143a">
         <name>UARTStdioIntHandler</name>
         <value>0x34d9</value>
         <object_component_ref idref="oc-46"/>
      </symbol>
      <symbol id="sm-143b">
         <name>UARTwrite</name>
         <value>0x58f9</value>
         <object_component_ref idref="oc-ac"/>
      </symbol>
      <symbol id="sm-143c">
         <name>UARTPeek</name>
         <value>0x83bd</value>
         <object_component_ref idref="oc-4fb"/>
      </symbol>
      <symbol id="sm-143d">
         <name>UARTprintf</name>
         <value>0x92b9</value>
         <object_component_ref idref="oc-2fc"/>
      </symbol>
      <symbol id="sm-143e">
         <name>UARTvprintf</name>
         <value>0x28f1</value>
         <object_component_ref idref="oc-54e"/>
      </symbol>
      <symbol id="sm-14bb">
         <name>uvsnprintf</name>
         <value>0x1c89</value>
         <object_component_ref idref="oc-75b"/>
      </symbol>
      <symbol id="sm-14bc">
         <name>ustrncpy</name>
         <value>0x8e59</value>
         <object_component_ref idref="oc-4c3"/>
      </symbol>
      <symbol id="sm-14bd">
         <name>ustrlen</name>
         <value>0x95d3</value>
         <object_component_ref idref="oc-c35"/>
      </symbol>
      <symbol id="sm-14be">
         <name>ustrcmp</name>
         <value>0x9773</value>
         <object_component_ref idref="oc-b9d"/>
      </symbol>
      <symbol id="sm-14bf">
         <name>usprintf</name>
         <value>0x91d1</value>
         <object_component_ref idref="oc-4ce"/>
      </symbol>
      <symbol id="sm-14c0">
         <name>ustrtoul</name>
         <value>0x6165</value>
         <object_component_ref idref="oc-c42"/>
      </symbol>
      <symbol id="sm-14c1">
         <name>ustrncmp</name>
         <value>0x8971</value>
         <object_component_ref idref="oc-bcc"/>
      </symbol>
      <symbol id="sm-158a">
         <name>EMACConfigSet</name>
         <value>0x8779</value>
         <object_component_ref idref="oc-3f9"/>
      </symbol>
      <symbol id="sm-158b">
         <name>EMACTxEnable</name>
         <value>0x9455</value>
         <object_component_ref idref="oc-b66"/>
      </symbol>
      <symbol id="sm-158c">
         <name>EMACRxDMADescriptorListSet</name>
         <value>0x977b</value>
         <object_component_ref idref="oc-c05"/>
      </symbol>
      <symbol id="sm-158d">
         <name>EMACPHYConfigSet</name>
         <value>0x7979</value>
         <object_component_ref idref="oc-76b"/>
      </symbol>
      <symbol id="sm-158e">
         <name>EMACPHYRead</name>
         <value>0x8ed5</value>
         <object_component_ref idref="oc-3e1"/>
      </symbol>
      <symbol id="sm-158f">
         <name>EMACTimestampIntStatus</name>
         <value>0x9781</value>
         <object_component_ref idref="oc-d8"/>
      </symbol>
      <symbol id="sm-1590">
         <name>EMACRxEnable</name>
         <value>0x943f</value>
         <object_component_ref idref="oc-b6c"/>
      </symbol>
      <symbol id="sm-1591">
         <name>EMACPowerManagementStatusGet</name>
         <value>0x975b</value>
         <object_component_ref idref="oc-d2"/>
      </symbol>
      <symbol id="sm-1592">
         <name>EMACIntClear</name>
         <value>0x89dd</value>
         <object_component_ref idref="oc-b60"/>
      </symbol>
      <symbol id="sm-1593">
         <name>EMACConfigGet</name>
         <value>0x89a9</value>
         <object_component_ref idref="oc-3f3"/>
      </symbol>
      <symbol id="sm-1594">
         <name>EMACIntEnable</name>
         <value>0x873d</value>
         <object_component_ref idref="oc-b72"/>
      </symbol>
      <symbol id="sm-1595">
         <name>EMACPHYWrite</name>
         <value>0x8efb</value>
         <object_component_ref idref="oc-b54"/>
      </symbol>
      <symbol id="sm-1596">
         <name>EMACReset</name>
         <value>0x9429</value>
         <object_component_ref idref="oc-948"/>
      </symbol>
      <symbol id="sm-1597">
         <name>EMACFrameFilterSet</name>
         <value>0x95e5</value>
         <object_component_ref idref="oc-b5a"/>
      </symbol>
      <symbol id="sm-1598">
         <name>EMACTxDMAPollDemand</name>
         <value>0x9763</value>
         <object_component_ref idref="oc-b94"/>
      </symbol>
      <symbol id="sm-1599">
         <name>EMACAddrGet</name>
         <value>0x91f1</value>
         <object_component_ref idref="oc-b48"/>
      </symbol>
      <symbol id="sm-159a">
         <name>EMACTxDMADescriptorListSet</name>
         <value>0x9787</value>
         <object_component_ref idref="oc-c0b"/>
      </symbol>
      <symbol id="sm-159b">
         <name>EMACIntStatus</name>
         <value>0x8cfb</value>
         <object_component_ref idref="oc-cc"/>
      </symbol>
      <symbol id="sm-15aa">
         <name>FlashUserGet</name>
         <value>0x94d9</value>
         <object_component_ref idref="oc-4e6"/>
      </symbol>
      <symbol id="sm-15d0">
         <name>GPIODirModeSet</name>
         <value>0x8d27</value>
         <object_component_ref idref="oc-740"/>
      </symbol>
      <symbol id="sm-15d1">
         <name>GPIOPadConfigSet</name>
         <value>0x336d</value>
         <object_component_ref idref="oc-492"/>
      </symbol>
      <symbol id="sm-15d2">
         <name>GPIOPinTypeEthernetLED</name>
         <value>0x946b</value>
         <object_component_ref idref="oc-498"/>
      </symbol>
      <symbol id="sm-1627">
         <name>IntPrioritySet</name>
         <value>0x8f6d</value>
         <object_component_ref idref="oc-2cc"/>
      </symbol>
      <symbol id="sm-1628">
         <name>IntEnable</name>
         <value>0x6f65</value>
         <object_component_ref idref="oc-b78"/>
      </symbol>
      <symbol id="sm-1629">
         <name>IntPriorityGroupingSet</name>
         <value>0x90d1</value>
         <object_component_ref idref="oc-2c6"/>
      </symbol>
      <symbol id="sm-162a">
         <name>IntMasterDisable</name>
         <value>0x9615</value>
         <object_component_ref idref="oc-521"/>
      </symbol>
      <symbol id="sm-162b">
         <name>IntMasterEnable</name>
         <value>0x9625</value>
         <object_component_ref idref="oc-2c0"/>
      </symbol>
      <symbol id="sm-16b3">
         <name>SysCtlDelay</name>
         <value>0x9793</value>
         <object_component_ref idref="oc-947"/>
      </symbol>
      <symbol id="sm-16b4">
         <name>SysCtlMOSCConfigSet</name>
         <value>0x96e9</value>
         <object_component_ref idref="oc-27e"/>
      </symbol>
      <symbol id="sm-16b5">
         <name>SysCtlPeripheralReady</name>
         <value>0x87e9</value>
         <object_component_ref idref="oc-941"/>
      </symbol>
      <symbol id="sm-16b6">
         <name>SysCtlClockFreqSet</name>
         <value>0x2311</value>
         <object_component_ref idref="oc-284"/>
      </symbol>
      <symbol id="sm-16b7">
         <name>SysCtlPeripheralReset</name>
         <value>0x7dd9</value>
         <object_component_ref idref="oc-93b"/>
      </symbol>
      <symbol id="sm-16da">
         <name>SysTickEnable</name>
         <value>0x94ed</value>
         <object_component_ref idref="oc-29c"/>
      </symbol>
      <symbol id="sm-16db">
         <name>SysTickIntEnable</name>
         <value>0x9501</value>
         <object_component_ref idref="oc-2a2"/>
      </symbol>
      <symbol id="sm-16dc">
         <name>SysTickPeriodSet</name>
         <value>0x9635</value>
         <object_component_ref idref="oc-296"/>
      </symbol>
      <symbol id="sm-16ee">
         <name>CPUcpsie</name>
         <value>0x96dd</value>
         <object_component_ref idref="oc-4d5"/>
      </symbol>
      <symbol id="sm-16ef">
         <name>CPUcpsid</name>
         <value>0x96d1</value>
         <object_component_ref idref="oc-78d"/>
      </symbol>
      <symbol id="sm-16fe">
         <name>__aeabi_memset</name>
         <value>0x6b5f</value>
         <object_component_ref idref="oc-10d"/>
      </symbol>
      <symbol id="sm-16ff">
         <name>memset</name>
         <value>0x6b65</value>
         <object_component_ref idref="oc-10d"/>
      </symbol>
      <symbol id="sm-1700">
         <name>__aeabi_memset8</name>
         <value>0x6b5f</value>
         <object_component_ref idref="oc-10d"/>
      </symbol>
      <symbol id="sm-1701">
         <name>__aeabi_memset4</name>
         <value>0x6b5f</value>
         <object_component_ref idref="oc-10d"/>
      </symbol>
      <symbol id="sm-1702">
         <name>__aeabi_memclr8</name>
         <value>0x6b5d</value>
         <object_component_ref idref="oc-10d"/>
      </symbol>
      <symbol id="sm-1703">
         <name>__aeabi_memclr4</name>
         <value>0x6b5d</value>
         <object_component_ref idref="oc-10d"/>
      </symbol>
      <symbol id="sm-1704">
         <name>__aeabi_memclr</name>
         <value>0x6b5d</value>
         <object_component_ref idref="oc-10d"/>
      </symbol>
      <symbol id="sm-171f">
         <name>memcpy</name>
         <value>0x60c9</value>
         <object_component_ref idref="oc-60"/>
      </symbol>
      <symbol id="sm-1720">
         <name>__aeabi_memcpy</name>
         <value>0x60c9</value>
         <object_component_ref idref="oc-60"/>
      </symbol>
      <symbol id="sm-1721">
         <name>__aeabi_memcpy8</name>
         <value>0x60c9</value>
         <object_component_ref idref="oc-60"/>
      </symbol>
      <symbol id="sm-1722">
         <name>__aeabi_memcpy4</name>
         <value>0x60c9</value>
         <object_component_ref idref="oc-60"/>
      </symbol>
      <symbol id="sm-1731">
         <name>__aeabi_uidivmod</name>
         <value>0x85cd</value>
         <object_component_ref idref="oc-7b5"/>
      </symbol>
      <symbol id="sm-1732">
         <name>__aeabi_uidiv</name>
         <value>0x85cd</value>
         <object_component_ref idref="oc-7b5"/>
      </symbol>
      <symbol id="sm-1744">
         <name>__TI_zero_init</name>
         <value>0x9701</value>
         <object_component_ref idref="oc-72"/>
      </symbol>
      <symbol id="sm-175b">
         <name>__TI_decompress_none</name>
         <value>0x96c3</value>
         <object_component_ref idref="oc-1c"/>
      </symbol>
      <symbol id="sm-177e">
         <name>__TI_decompress_lzss</name>
         <value>0x7035</value>
         <object_component_ref idref="oc-16"/>
      </symbol>
      <symbol id="sm-178e">
         <name>memcmp</name>
         <value>0x9021</value>
         <object_component_ref idref="oc-65b"/>
      </symbol>
      <symbol id="sm-179d">
         <name>strcmp</name>
         <value>0x93e1</value>
         <object_component_ref idref="oc-839"/>
      </symbol>
      <symbol id="sm-17ab">
         <name>strlen</name>
         <value>0x953d</value>
         <object_component_ref idref="oc-60c"/>
      </symbol>
      <symbol id="sm-17be">
         <name>__stack</name>
         <value>0x2000cec8</value>
         <object_component_ref idref="oc-25"/>
      </symbol>
      <symbol id="sm-17bf">
         <name>_c_int00_noargs</name>
         <value>0x8a45</value>
         <object_component_ref idref="oc-7e"/>
      </symbol>
      <symbol id="sm-17c9">
         <name>__aeabi_idiv0</name>
         <value>0x6bd7</value>
         <object_component_ref idref="oc-9a0"/>
      </symbol>
      <symbol id="sm-17ca">
         <name>__aeabi_ldiv0</name>
         <value>0x6bd7</value>
         <object_component_ref idref="oc-9a0"/>
      </symbol>
      <symbol id="sm-17f2">
         <name>__TI_auto_init_nobinit_nopinit</name>
         <value>0x8401</value>
         <object_component_ref idref="oc-330"/>
      </symbol>
      <symbol id="sm-17fc">
         <name>_system_pre_init</name>
         <value>0x97bb</value>
         <object_component_ref idref="oc-113"/>
      </symbol>
      <symbol id="sm-1808">
         <name>C$$EXIT</name>
         <value>0x97bf</value>
         <object_component_ref idref="oc-324"/>
      </symbol>
      <symbol id="sm-1809">
         <name>abort</name>
         <value>0x97bf</value>
         <object_component_ref idref="oc-324"/>
      </symbol>
      <symbol id="sm-180c">
         <name>__TI_static_base__</name>
         <value>0x0</value>
      </symbol>
      <symbol id="sm-180f">
         <name>__mpu_init</name>
         <value>0x0</value>
      </symbol>
      <symbol id="sm-1810">
         <name>_system_post_cinit</name>
         <value>0x0</value>
      </symbol>
      <symbol id="sm-1811">
         <name>EthClientAddrGet</name>
         <value>0x9265</value>
      </symbol>
   </symbol_table>
   <title>Link successful</title>
</link_info>
